Archive member included to satisfy reference by file (symbol)

/Users/dusk/nRF52/gcc-arm-none-eabi-9-2020-q2-update/bin/../lib/gcc/arm-none-eabi/10.3.1/../../../../arm-none-eabi/lib/thumb/v7e-m+fp/hard/libc_nano.a(lib_a-ctype_.o)
                              _build/nrf52832_xxaa/nrf_log_str_formatter.c.o (_ctype_)
/Users/dusk/nRF52/gcc-arm-none-eabi-9-2020-q2-update/bin/../lib/gcc/arm-none-eabi/10.3.1/../../../../arm-none-eabi/lib/thumb/v7e-m+fp/hard/libc_nano.a(lib_a-exit.o)
                              /Users/dusk/nRF52/gcc-arm-none-eabi-9-2020-q2-update/bin/../lib/gcc/arm-none-eabi/10.3.1/../../../../arm-none-eabi/lib/thumb/v7e-m+fp/hard/crt0.o (exit)
/Users/dusk/nRF52/gcc-arm-none-eabi-9-2020-q2-update/bin/../lib/gcc/arm-none-eabi/10.3.1/../../../../arm-none-eabi/lib/thumb/v7e-m+fp/hard/libc_nano.a(lib_a-impure.o)
                              /Users/dusk/nRF52/gcc-arm-none-eabi-9-2020-q2-update/bin/../lib/gcc/arm-none-eabi/10.3.1/../../../../arm-none-eabi/lib/thumb/v7e-m+fp/hard/libc_nano.a(lib_a-exit.o) (_global_impure_ptr)
/Users/dusk/nRF52/gcc-arm-none-eabi-9-2020-q2-update/bin/../lib/gcc/arm-none-eabi/10.3.1/../../../../arm-none-eabi/lib/thumb/v7e-m+fp/hard/libc_nano.a(lib_a-init.o)
                              /Users/dusk/nRF52/gcc-arm-none-eabi-9-2020-q2-update/bin/../lib/gcc/arm-none-eabi/10.3.1/../../../../arm-none-eabi/lib/thumb/v7e-m+fp/hard/crt0.o (__libc_init_array)
/Users/dusk/nRF52/gcc-arm-none-eabi-9-2020-q2-update/bin/../lib/gcc/arm-none-eabi/10.3.1/../../../../arm-none-eabi/lib/thumb/v7e-m+fp/hard/libc_nano.a(lib_a-memcpy-stub.o)
                              _build/nrf52832_xxaa/nrf_log_frontend.c.o (memcpy)
/Users/dusk/nRF52/gcc-arm-none-eabi-9-2020-q2-update/bin/../lib/gcc/arm-none-eabi/10.3.1/../../../../arm-none-eabi/lib/thumb/v7e-m+fp/hard/libc_nano.a(lib_a-memmove.o)
                              _build/nrf52832_xxaa/nrf_cli.c.o (memmove)
/Users/dusk/nRF52/gcc-arm-none-eabi-9-2020-q2-update/bin/../lib/gcc/arm-none-eabi/10.3.1/../../../../arm-none-eabi/lib/thumb/v7e-m+fp/hard/libc_nano.a(lib_a-memset.o)
                              /Users/dusk/nRF52/gcc-arm-none-eabi-9-2020-q2-update/bin/../lib/gcc/arm-none-eabi/10.3.1/../../../../arm-none-eabi/lib/thumb/v7e-m+fp/hard/crt0.o (memset)
/Users/dusk/nRF52/gcc-arm-none-eabi-9-2020-q2-update/bin/../lib/gcc/arm-none-eabi/10.3.1/../../../../arm-none-eabi/lib/thumb/v7e-m+fp/hard/libc_nano.a(lib_a-qsort.o)
                              _build/nrf52832_xxaa/nrf_cli.c.o (qsort)
/Users/dusk/nRF52/gcc-arm-none-eabi-9-2020-q2-update/bin/../lib/gcc/arm-none-eabi/10.3.1/../../../../arm-none-eabi/lib/thumb/v7e-m+fp/hard/libc_nano.a(lib_a-strchr.o)
                              _build/nrf52832_xxaa/fnmatch.c.o (strchr)
/Users/dusk/nRF52/gcc-arm-none-eabi-9-2020-q2-update/bin/../lib/gcc/arm-none-eabi/10.3.1/../../../../arm-none-eabi/lib/thumb/v7e-m+fp/hard/libc_nano.a(lib_a-strcmp.o)
                              _build/nrf52832_xxaa/nrf_log_frontend.c.o (strcmp)
/Users/dusk/nRF52/gcc-arm-none-eabi-9-2020-q2-update/bin/../lib/gcc/arm-none-eabi/10.3.1/../../../../arm-none-eabi/lib/thumb/v7e-m+fp/hard/libc_nano.a(lib_a-strcpy.o)
                              _build/nrf52832_xxaa/nrf_cli.c.o (strcpy)
/Users/dusk/nRF52/gcc-arm-none-eabi-9-2020-q2-update/bin/../lib/gcc/arm-none-eabi/10.3.1/../../../../arm-none-eabi/lib/thumb/v7e-m+fp/hard/libc_nano.a(lib_a-strlen.o)
                              _build/nrf52832_xxaa/nrf_log_frontend.c.o (strlen)
/Users/dusk/nRF52/gcc-arm-none-eabi-9-2020-q2-update/bin/../lib/gcc/arm-none-eabi/10.3.1/../../../../arm-none-eabi/lib/thumb/v7e-m+fp/hard/libc_nano.a(lib_a-strncmp.o)
                              _build/nrf52832_xxaa/nrf_log_frontend.c.o (strncmp)
/Users/dusk/nRF52/gcc-arm-none-eabi-9-2020-q2-update/bin/../lib/gcc/arm-none-eabi/10.3.1/../../../../arm-none-eabi/lib/thumb/v7e-m+fp/hard/libnosys.a(_exit.o)
                              /Users/dusk/nRF52/gcc-arm-none-eabi-9-2020-q2-update/bin/../lib/gcc/arm-none-eabi/10.3.1/../../../../arm-none-eabi/lib/thumb/v7e-m+fp/hard/libc_nano.a(lib_a-exit.o) (_exit)
/Users/dusk/nRF52/gcc-arm-none-eabi-9-2020-q2-update/bin/../lib/gcc/arm-none-eabi/10.3.1/thumb/v7e-m+fp/hard/libgcc.a(_aeabi_ldivmod.o)
                              _build/nrf52832_xxaa/nrf_libuarte_async.c.o (__aeabi_ldivmod)
/Users/dusk/nRF52/gcc-arm-none-eabi-9-2020-q2-update/bin/../lib/gcc/arm-none-eabi/10.3.1/thumb/v7e-m+fp/hard/libgcc.a(_aeabi_uldivmod.o)
                              _build/nrf52832_xxaa/nrf_libuarte_async.c.o (__aeabi_uldivmod)
/Users/dusk/nRF52/gcc-arm-none-eabi-9-2020-q2-update/bin/../lib/gcc/arm-none-eabi/10.3.1/thumb/v7e-m+fp/hard/libgcc.a(_udivmoddi4.o)
                              /Users/dusk/nRF52/gcc-arm-none-eabi-9-2020-q2-update/bin/../lib/gcc/arm-none-eabi/10.3.1/thumb/v7e-m+fp/hard/libgcc.a(_aeabi_ldivmod.o) (__udivmoddi4)
/Users/dusk/nRF52/gcc-arm-none-eabi-9-2020-q2-update/bin/../lib/gcc/arm-none-eabi/10.3.1/thumb/v7e-m+fp/hard/libgcc.a(_dvmd_tls.o)
[...]
Memory Configuration

Name             Origin             Length             Attributes
FLASH            0x0000000000000000 0x0000000000080000 xr
RAM              0x0000000020000000 0x0000000000010000 xrw
*default*        0x0000000000000000 0xffffffffffffffff

Linker script and memory map


.text           0x0000000000000000     0xc3b4
 *(.isr_vector)
 .isr_vector    0x0000000000000000      0x200 _build/nrf52832_xxaa/gcc_startup_nrf52.S.o
                0x0000000000000000                __isr_vector
 *(.text*)
 .text          0x0000000000000200       0x40 /Users/dusk/nRF52/gcc-arm-none-eabi-9-2020-q2-update/bin/../lib/gcc/arm-none-eabi/10.3.1/thumb/v7e-m+fp/hard/crtbegin.o
 .text          0x0000000000000240       0x7c /Users/dusk/nRF52/gcc-arm-none-eabi-9-2020-q2-update/bin/../lib/gcc/arm-none-eabi/10.3.1/../../../../arm-none-eabi/lib/thumb/v7e-m+fp/hard/crt0.o
                0x0000000000000240                _stack_init
                0x0000000000000248                _mainCRTStartup
                0x0000000000000248                _start
 .text          0x00000000000002bc       0x3c _build/nrf52832_xxaa/gcc_startup_nrf52.S.o
                0x00000000000002bc                Reset_Handler
                0x00000000000002e4                NMI_Handler
                0x00000000000002e8                MemoryManagement_Handler
                0x00000000000002ea                BusFault_Handler
                0x00000000000002ec                UsageFault_Handler
                0x00000000000002ee                SVC_Handler
                0x00000000000002f0                DebugMon_Handler
                0x00000000000002f2                PendSV_Handler
                0x00000000000002f4                SysTick_Handler
                0x00000000000002f6                FPU_IRQHandler
                0x00000000000002f6                SPIM0_SPIS0_TWIM0_TWIS0_SPI0_TWI0_IRQHandler
                0x00000000000002f6                I2S_IRQHandler
                0x00000000000002f6                SWI4_EGU4_IRQHandler
                0x00000000000002f6                TIMER0_IRQHandler
                0x00000000000002f6                TIMER1_IRQHandler
                0x00000000000002f6                PWM2_IRQHandler
                0x00000000000002f6                ECB_IRQHandler
                0x00000000000002f6                SPIM1_SPIS1_TWIM1_TWIS1_SPI1_TWI1_IRQHandler
                0x00000000000002f6                Default_Handler
                0x00000000000002f6                SAADC_IRQHandler
                0x00000000000002f6                CCM_AAR_IRQHandler
                0x00000000000002f6                WDT_IRQHandler
                0x00000000000002f6                SWI5_EGU5_IRQHandler
                0x00000000000002f6                RNG_IRQHandler
                0x00000000000002f6                PWM0_IRQHandler
                0x00000000000002f6                SWI3_EGU3_IRQHandler
                0x00000000000002f6                SWI1_EGU1_IRQHandler
                0x00000000000002f6                SPIM2_SPIS2_SPI2_IRQHandler
                0x00000000000002f6                NFCT_IRQHandler
                0x00000000000002f6                MWU_IRQHandler
                0x00000000000002f6                COMP_LPCOMP_IRQHandler
                0x00000000000002f6                RTC0_IRQHandler
                0x00000000000002f6                SWI0_EGU0_IRQHandler
                0x00000000000002f6                SWI2_EGU2_IRQHandler
                0x00000000000002f6                PWM1_IRQHandler
                0x00000000000002f6                RADIO_IRQHandler
                0x00000000000002f6                PDM_IRQHandler
                0x00000000000002f6                TEMP_IRQHandler
                0x00000000000002f6                QDEC_IRQHandler
 .text.nrf_log_backend_rtt_flush
                0x00000000000002f8        0x4 _build/nrf52832_xxaa/nrf_log_backend_rtt.c.o
 .text.nrf_log_backend_rtt_put
                0x00000000000002fc       0x20 _build/nrf52832_xxaa/nrf_log_backend_rtt.c.o
 .text.serial_tx
                0x000000000000031c       0x54 _build/nrf52832_xxaa/nrf_log_backend_rtt.c.o
 .text.nrf_log_backend_rtt_panic_set
                0x0000000000000370        0x4 _build/nrf52832_xxaa/nrf_log_backend_rtt.c.o
 .text.nrf_log_backend_rtt_init
                0x0000000000000374        0x4 _build/nrf52832_xxaa/nrf_log_backend_rtt.c.o
                0x0000000000000374                nrf_log_backend_rtt_init
 .text.nrf_log_backend_serial_put
                0x0000000000000378       0xd8 _build/nrf52832_xxaa/nrf_log_backend_serial.c.o
                0x0000000000000378                nrf_log_backend_serial_put
 .text.nrf_log_default_backends_init
                0x0000000000000450       0x20 _build/nrf52832_xxaa/nrf_log_default_backends.c.o
                0x0000000000000450                nrf_log_default_backends_init
 .text.severity_lvl_get
                0x0000000000000470       0x20 _build/nrf52832_xxaa/nrf_log_frontend.c.o
 .text.log_self_halt
                0x0000000000000490        0xc _build/nrf52832_xxaa/nrf_log_frontend.c.o
 .text.log_self_go
                0x000000000000049c        0xc _build/nrf52832_xxaa/nrf_log_frontend.c.o
 .text.backend_name_get
                0x00000000000004a8       0x4c _build/nrf52832_xxaa/nrf_log_frontend.c.o
 .text.log_cmd  0x00000000000004f4       0x3c _build/nrf52832_xxaa/nrf_log_frontend.c.o
 .text.log_cmd_backends_list
                0x0000000000000530       0x90 _build/nrf52832_xxaa/nrf_log_frontend.c.o
 .text.log_config_load_cmd
                0x00000000000005c0       0x20 _build/nrf52832_xxaa/nrf_log_frontend.c.o
 .text.log_skip
                0x00000000000005e0       0xcc _build/nrf52832_xxaa/nrf_log_frontend.c.o
 .text.log_config_store_cmd
                0x00000000000006ac       0x20 _build/nrf52832_xxaa/nrf_log_frontend.c.o
 .text.log_backend_halt
                0x00000000000006cc       0x50 _build/nrf52832_xxaa/nrf_log_frontend.c.o
 .text.log_backend_go
                0x000000000000071c       0x54 _build/nrf52832_xxaa/nrf_log_frontend.c.o
 .text.module_name_get
                0x0000000000000770       0x54 _build/nrf52832_xxaa/nrf_log_frontend.c.o
 .text.log_status
                0x00000000000007c4      0x13c _build/nrf52832_xxaa/nrf_log_frontend.c.o
 .text.log_self_status
                0x0000000000000900        0xc _build/nrf52832_xxaa/nrf_log_frontend.c.o
 .text.log_backend_status
                0x000000000000090c       0x5c _build/nrf52832_xxaa/nrf_log_frontend.c.o
 .text.log_ctrl
                0x0000000000000968      0x230 _build/nrf52832_xxaa/nrf_log_frontend.c.o
 .text.log_self_ctrl
                0x0000000000000b98        0xc _build/nrf52832_xxaa/nrf_log_frontend.c.o
 .text.log_backend_ctrl
                0x0000000000000ba4       0x5c _build/nrf52832_xxaa/nrf_log_frontend.c.o
 .text.nrf_log_init
                0x0000000000000c00       0xa0 _build/nrf52832_xxaa/nrf_log_frontend.c.o
                0x0000000000000c00                nrf_log_init
 .text.nrf_log_module_name_get
                0x0000000000000ca0       0x48 _build/nrf52832_xxaa/nrf_log_frontend.c.o
                0x0000000000000ca0                nrf_log_module_name_get
 .text.nrf_log_color_id_get
                0x0000000000000ce8       0x2c _build/nrf52832_xxaa/nrf_log_frontend.c.o
                0x0000000000000ce8                nrf_log_color_id_get
 .text.log_pending_hook
                0x0000000000000d14        0x4 _build/nrf52832_xxaa/nrf_log_frontend.c.o
                0x0000000000000d14                log_pending_hook
 .text.nrf_log_frontend_dequeue
                0x0000000000000d18      0x294 _build/nrf52832_xxaa/nrf_log_frontend.c.o
                0x0000000000000d18                nrf_log_frontend_dequeue
 .text.nrf_log_frontend_std_4
                0x0000000000000fac       0xf8 _build/nrf52832_xxaa/nrf_log_frontend.c.o
                0x0000000000000fac                nrf_log_frontend_std_4
 .text.nrf_log_frontend_std_3
                0x00000000000010a4       0xe8 _build/nrf52832_xxaa/nrf_log_frontend.c.o
                0x00000000000010a4                nrf_log_frontend_std_3
 .text.nrf_log_frontend_std_1
                0x000000000000118c       0xc8 _build/nrf52832_xxaa/nrf_log_frontend.c.o
                0x000000000000118c                nrf_log_frontend_std_1
 .text.nrf_log_frontend_std_0
                0x0000000000001254       0xb4 _build/nrf52832_xxaa/nrf_log_frontend.c.o
                0x0000000000001254                nrf_log_frontend_std_0
 .text.nrf_log_backend_add
                0x0000000000001308       0xe4 _build/nrf52832_xxaa/nrf_log_frontend.c.o
                0x0000000000001308                nrf_log_backend_add
 .text.nrf_log_panic
                0x00000000000013ec       0x28 _build/nrf52832_xxaa/nrf_log_frontend.c.o
                0x00000000000013ec                nrf_log_panic
 .text.prefix_process
                0x0000000000001414       0x84 _build/nrf52832_xxaa/nrf_log_str_formatter.c.o
 .text.nrf_log_std_entry_process
                0x0000000000001498       0xec _build/nrf52832_xxaa/nrf_log_str_formatter.c.o
                0x0000000000001498                nrf_log_std_entry_process
 .text.nrf_log_hexdump_entry_process
                0x0000000000001584      0x104 _build/nrf52832_xxaa/nrf_log_str_formatter.c.o
                0x0000000000001584                nrf_log_hexdump_entry_process
 .text.bsp_board_led_state_get
                0x0000000000001688       0x1c _build/nrf52832_xxaa/boards.c.o
                0x0000000000001688                bsp_board_led_state_get
 .text.bsp_board_led_on
                0x00000000000016a4       0x18 _build/nrf52832_xxaa/boards.c.o
                0x00000000000016a4                bsp_board_led_on
 .text.bsp_board_led_off
                0x00000000000016bc       0x18 _build/nrf52832_xxaa/boards.c.o
                0x00000000000016bc                bsp_board_led_off
 .text.bsp_board_leds_off
                0x00000000000016d4       0x2c _build/nrf52832_xxaa/boards.c.o
                0x00000000000016d4                bsp_board_leds_off
 .text.bsp_board_leds_on
                0x0000000000001700       0x2c _build/nrf52832_xxaa/boards.c.o
                0x0000000000001700                bsp_board_leds_on
 .text.bsp_board_led_invert
                0x000000000000172c       0x24 _build/nrf52832_xxaa/boards.c.o
                0x000000000000172c                bsp_board_led_invert
 .text.bsp_board_pin_to_button_idx
                0x0000000000001750       0x24 _build/nrf52832_xxaa/boards.c.o
                0x0000000000001750                bsp_board_pin_to_button_idx
 .text.bsp_board_init
                0x0000000000001774       0x5c _build/nrf52832_xxaa/boards.c.o
                0x0000000000001774                bsp_board_init
 .text.gpiote_event_handler
                0x00000000000017d0       0x74 _build/nrf52832_xxaa/app_button.c.o
 .text.detection_delay_timeout_handler
                0x0000000000001844      0x250 _build/nrf52832_xxaa/app_button.c.o
 .text.app_button_init
                0x0000000000001a94       0xb8 _build/nrf52832_xxaa/app_button.c.o
                0x0000000000001a94                app_button_init
 .text.app_button_enable
                0x0000000000001b4c       0x2c _build/nrf52832_xxaa/app_button.c.o
                0x0000000000001b4c                app_button_enable
 .text.app_error_handler_bare
                0x0000000000001b78       0x20 _build/nrf52832_xxaa/app_error.c.o
                0x0000000000001b78                app_error_handler_bare
 .text.app_error_fault_handler
                0x0000000000001b98       0x94 _build/nrf52832_xxaa/app_error_weak.c.o
                0x0000000000001b98                app_error_fault_handler
 .text.compare_func
                0x0000000000001c2c       0x1c _build/nrf52832_xxaa/app_timer2.c.o
 .text.rtc_irq  0x0000000000001c48      0x3a8 _build/nrf52832_xxaa/app_timer2.c.o
 .text.app_timer_init
                0x0000000000001ff0       0x6c _build/nrf52832_xxaa/app_timer2.c.o
                0x0000000000001ff0                app_timer_init
 *fill*         0x000000000000205c        0x4 
 .text.app_timer_create
                0x0000000000002060       0x30 _build/nrf52832_xxaa/app_timer2.c.o
                0x0000000000002060                app_timer_create
 .text.app_timer_start
                0x0000000000002090       0xb0 _build/nrf52832_xxaa/app_timer2.c.o
                0x0000000000002090                app_timer_start
 .text.app_timer_stop
                0x0000000000002140       0x74 _build/nrf52832_xxaa/app_timer2.c.o
                0x0000000000002140                app_timer_stop
 .text.app_timer_cnt_diff_compute
                0x00000000000021b4        0x8 _build/nrf52832_xxaa/app_timer2.c.o
                0x00000000000021b4                app_timer_cnt_diff_compute
 .text.app_timer_cnt_get
                0x00000000000021bc        0xc _build/nrf52832_xxaa/app_timer2.c.o
                0x00000000000021bc                app_timer_cnt_get
 .text.app_util_critical_region_enter
                0x00000000000021c8       0x10 _build/nrf52832_xxaa/app_util_platform.c.o
                0x00000000000021c8                app_util_critical_region_enter
 .text.app_util_critical_region_exit
                0x00000000000021d8       0x14 _build/nrf52832_xxaa/app_util_platform.c.o
                0x00000000000021d8                app_util_critical_region_exit
 .text.drv_rtc_init
                0x00000000000021ec       0xe4 _build/nrf52832_xxaa/drv_rtc.c.o
                0x00000000000021ec                drv_rtc_init
 .text.drv_rtc_start
                0x00000000000022d0        0x8 _build/nrf52832_xxaa/drv_rtc.c.o
                0x00000000000022d0                drv_rtc_start
 .text.drv_rtc_stop
                0x00000000000022d8        0x8 _build/nrf52832_xxaa/drv_rtc.c.o
                0x00000000000022d8                drv_rtc_stop
 .text.drv_rtc_compare_set
                0x00000000000022e0       0x54 _build/nrf52832_xxaa/drv_rtc.c.o
                0x00000000000022e0                drv_rtc_compare_set
 .text.drv_rtc_windowed_compare_set
                0x0000000000002334       0xf8 _build/nrf52832_xxaa/drv_rtc.c.o
                0x0000000000002334                drv_rtc_windowed_compare_set
 .text.drv_rtc_overflow_enable
                0x000000000000242c       0x14 _build/nrf52832_xxaa/drv_rtc.c.o
                0x000000000000242c                drv_rtc_overflow_enable
 .text.drv_rtc_overflow_pending
                0x0000000000002440       0x20 _build/nrf52832_xxaa/drv_rtc.c.o
                0x0000000000002440                drv_rtc_overflow_pending
 .text.drv_rtc_compare_disable
                0x0000000000002460       0x18 _build/nrf52832_xxaa/drv_rtc.c.o
                0x0000000000002460                drv_rtc_compare_disable
 .text.drv_rtc_compare_pending
                0x0000000000002478       0x20 _build/nrf52832_xxaa/drv_rtc.c.o
                0x0000000000002478                drv_rtc_compare_pending
 .text.drv_rtc_counter_get
                0x0000000000002498        0x8 _build/nrf52832_xxaa/drv_rtc.c.o
                0x0000000000002498                drv_rtc_counter_get
 .text.drv_rtc_irq_trigger
                0x00000000000024a0       0x24 _build/nrf52832_xxaa/drv_rtc.c.o
                0x00000000000024a0                drv_rtc_irq_trigger
 .text.RTC1_IRQHandler
                0x00000000000024c4       0x14 _build/nrf52832_xxaa/drv_rtc.c.o
                0x00000000000024c4                RTC1_IRQHandler
 .text.HardFault_Handler
                0x00000000000024d8       0x34 _build/nrf52832_xxaa/hardfault_handler_gcc.c.o
                0x00000000000024d8                HardFault_Handler
 .text.HardFault_process
                0x000000000000250c       0x24 _build/nrf52832_xxaa/hardfault_implementation.c.o
                0x000000000000250c                HardFault_process
 .text.HardFault_c_handler
                0x0000000000002530      0x18c _build/nrf52832_xxaa/hardfault_implementation.c.o
                0x0000000000002530                HardFault_c_handler
 .text.nrf_atfifo_init
                0x00000000000026bc       0x30 _build/nrf52832_xxaa/nrf_atfifo.c.o
                0x00000000000026bc                nrf_atfifo_init
 .text.nrf_atfifo_item_alloc
                0x00000000000026ec       0x64 _build/nrf52832_xxaa/nrf_atfifo.c.o
                0x00000000000026ec                nrf_atfifo_item_alloc
 .text.nrf_atfifo_item_put
                0x0000000000002750       0x20 _build/nrf52832_xxaa/nrf_atfifo.c.o
                0x0000000000002750                nrf_atfifo_item_put
 .text.nrf_atfifo_item_get
                0x0000000000002770       0x64 _build/nrf52832_xxaa/nrf_atfifo.c.o
                0x0000000000002770                nrf_atfifo_item_get
 .text.nrf_atfifo_item_free
                0x00000000000027d4       0x20 _build/nrf52832_xxaa/nrf_atfifo.c.o
                0x00000000000027d4                nrf_atfifo_item_free
 .text.nrf_atomic_u32_fetch_store
                0x00000000000027f4       0x14 _build/nrf52832_xxaa/nrf_atomic.c.o
                0x00000000000027f4                nrf_atomic_u32_fetch_store
 .text.nrf_atomic_u32_or
                0x0000000000002808       0x18 _build/nrf52832_xxaa/nrf_atomic.c.o
                0x0000000000002808                nrf_atomic_u32_or
 .text.nrf_atomic_u32_and
                0x0000000000002820       0x18 _build/nrf52832_xxaa/nrf_atomic.c.o
                0x0000000000002820                nrf_atomic_u32_and
 .text.nrf_atomic_u32_add
                0x0000000000002838       0x18 _build/nrf52832_xxaa/nrf_atomic.c.o
                0x0000000000002838                nrf_atomic_u32_add
 .text.nrf_atomic_u32_sub
                0x0000000000002850       0x18 _build/nrf52832_xxaa/nrf_atomic.c.o
                0x0000000000002850                nrf_atomic_u32_sub
 .text.nrf_atomic_flag_set_fetch
                0x0000000000002868       0x18 _build/nrf52832_xxaa/nrf_atomic.c.o
                0x0000000000002868                nrf_atomic_flag_set_fetch
 .text.nrf_atomic_flag_set
                0x0000000000002880       0x18 _build/nrf52832_xxaa/nrf_atomic.c.o
                0x0000000000002880                nrf_atomic_flag_set
 .text.nrf_atomic_flag_clear_fetch
                0x0000000000002898       0x18 _build/nrf52832_xxaa/nrf_atomic.c.o
                0x0000000000002898                nrf_atomic_flag_clear_fetch
 .text.nrf_atomic_flag_clear
                0x00000000000028b0       0x18 _build/nrf52832_xxaa/nrf_atomic.c.o
                0x00000000000028b0                nrf_atomic_flag_clear
 .text.nrf_balloc_status
                0x00000000000028c8       0xc4 _build/nrf52832_xxaa/nrf_balloc.c.o
 .text.nrf_balloc_init
                0x000000000000298c       0x3c _build/nrf52832_xxaa/nrf_balloc.c.o
                0x000000000000298c                nrf_balloc_init
 .text.nrf_balloc_alloc
                0x00000000000029c8       0x4c _build/nrf52832_xxaa/nrf_balloc.c.o
                0x00000000000029c8                nrf_balloc_alloc
 .text.nrf_balloc_free
                0x0000000000002a14       0x2c _build/nrf52832_xxaa/nrf_balloc.c.o
                0x0000000000002a14                nrf_balloc_free
 .text.cli_transport_evt_handler
                0x0000000000002a40       0x14 _build/nrf52832_xxaa/nrf_cli.c.o
 .text.nrf_log_backend_cli_panic_set
                0x0000000000002a54       0x20 _build/nrf52832_xxaa/nrf_cli.c.o
 .text.string_cmp
                0x0000000000002a74        0x8 _build/nrf52832_xxaa/nrf_cli.c.o
 .text.cursor_position_get
                0x0000000000002a7c      0x14c _build/nrf52832_xxaa/nrf_cli.c.o
 .text.make_argv.constprop.0
                0x0000000000002bc8      0x220 _build/nrf52832_xxaa/nrf_cli.c.o
 .text.cmd_get  0x0000000000002de8       0x7c _build/nrf52832_xxaa/nrf_cli.c.o
 .text.format_offset_string_print.part.0
                0x0000000000002e64      0x20c _build/nrf52832_xxaa/nrf_cli.c.o
 .text.nrf_cli_fprintf.constprop.0
                0x0000000000003070      0x108 _build/nrf52832_xxaa/nrf_cli.c.o
 .text.nrf_cli_fprintf.constprop.1
                0x0000000000003178      0x120 _build/nrf52832_xxaa/nrf_cli.c.o
 .text.nrf_cli_help_print.constprop.0
                0x0000000000003298      0x178 _build/nrf52832_xxaa/nrf_cli.c.o
 .text.nrf_cli_cmd_clear
                0x0000000000003410       0x40 _build/nrf52832_xxaa/nrf_cli.c.o
 .text.cursor_end_position_move
                0x0000000000003450       0xc8 _build/nrf52832_xxaa/nrf_cli.c.o
 .text.cursor_home_position_move
                0x0000000000003518       0xb8 _build/nrf52832_xxaa/nrf_cli.c.o
 .text.history_handle
                0x00000000000035d0      0x1a8 _build/nrf52832_xxaa/nrf_cli.c.o
 .text.cursor_position_synchronize
                0x0000000000003778      0x114 _build/nrf52832_xxaa/nrf_cli.c.o
 .text.completion_insert
                0x000000000000388c       0xcc _build/nrf52832_xxaa/nrf_cli.c.o
 .text.char_delete
                0x0000000000003958       0xf4 _build/nrf52832_xxaa/nrf_cli.c.o
 .text.char_insert
                0x0000000000003a4c      0x26c _build/nrf52832_xxaa/nrf_cli.c.o
 .text.nrf_cli_init
                0x0000000000003cb8       0xf0 _build/nrf52832_xxaa/nrf_cli.c.o
                0x0000000000003cb8                nrf_cli_init
 .text.nrf_cli_print_stream
                0x0000000000003da8       0x58 _build/nrf52832_xxaa/nrf_cli.c.o
                0x0000000000003da8                nrf_cli_print_stream
 .text.nrf_cli_fprintf
                0x0000000000003e00      0x140 _build/nrf52832_xxaa/nrf_cli.c.o
                0x0000000000003e00                nrf_cli_fprintf
 .text.cli_log_entry_process
                0x0000000000003f40      0x1ac _build/nrf52832_xxaa/nrf_cli.c.o
 .text.nrf_log_backend_cli_flush
                0x00000000000040ec        0xc _build/nrf52832_xxaa/nrf_cli.c.o
 .text.nrf_log_backend_cli_put
                0x00000000000040f8       0x50 _build/nrf52832_xxaa/nrf_cli.c.o
 .text.nrf_cli_process
                0x0000000000004148      0xecc _build/nrf52832_xxaa/nrf_cli.c.o
                0x0000000000004148                nrf_cli_process
 .text.nrf_cli_cmd_cli
                0x0000000000005014       0x24 _build/nrf52832_xxaa/nrf_cli.c.o
 .text.nrf_cli_cmd_resize
                0x0000000000005038       0xe4 _build/nrf52832_xxaa/nrf_cli.c.o
 .text.nrf_cli_start
                0x000000000000511c       0xb4 _build/nrf52832_xxaa/nrf_cli.c.o
                0x000000000000511c                nrf_cli_start
 .text.nrf_cli_cmd_colors_off
                0x00000000000051d0       0x34 _build/nrf52832_xxaa/nrf_cli.c.o
 .text.nrf_cli_cmd_colors_on
                0x0000000000005204       0x30 _build/nrf52832_xxaa/nrf_cli.c.o
 .text.nrf_cli_cmd_echo_off
                0x0000000000005234       0x34 _build/nrf52832_xxaa/nrf_cli.c.o
 .text.nrf_cli_cmd_echo_on
                0x0000000000005268       0x30 _build/nrf52832_xxaa/nrf_cli.c.o
 .text.nrf_cli_cmd_cli_stats_reset
                0x0000000000005298       0x3c _build/nrf52832_xxaa/nrf_cli.c.o
                0x0000000000005298                nrf_cli_cmd_cli_stats_reset
 .text.nrf_cli_cmd_resize_default
                0x00000000000052d4       0x44 _build/nrf52832_xxaa/nrf_cli.c.o
 .text.nrf_cli_cmd_echo
                0x0000000000005318       0x7c _build/nrf52832_xxaa/nrf_cli.c.o
 .text.nrf_cli_cmd_cli_stats_show
                0x0000000000005394       0x70 _build/nrf52832_xxaa/nrf_cli.c.o
                0x0000000000005394                nrf_cli_cmd_cli_stats_show
 .text.nrf_cli_cmd_colors
                0x0000000000005404       0x58 _build/nrf52832_xxaa/nrf_cli.c.o
 .text.nrf_cli_cmd_history
                0x000000000000545c       0x8c _build/nrf52832_xxaa/nrf_cli.c.o
 .text.nrf_cli_cmd_cli_stats
                0x00000000000054e8       0x50 _build/nrf52832_xxaa/nrf_cli.c.o
                0x00000000000054e8                nrf_cli_cmd_cli_stats
 .text.nrf_cli_help_print
                0x0000000000005538      0x314 _build/nrf52832_xxaa/nrf_cli.c.o
                0x0000000000005538                nrf_cli_help_print
 .text.cli_libuarte_read
                0x000000000000584c        0xc _build/nrf52832_xxaa/nrf_cli_libuarte.c.o
 .text.libuarte_rtc_handler
                0x0000000000005858       0x28 _build/nrf52832_xxaa/nrf_cli_libuarte.c.o
 .text.cli_libuarte_enable
                0x0000000000005880       0x18 _build/nrf52832_xxaa/nrf_cli_libuarte.c.o
 .text.cli_libuarte_uninit
                0x0000000000005898       0x10 _build/nrf52832_xxaa/nrf_cli_libuarte.c.o
 .text.uart_event_handler
                0x00000000000058a8       0x84 _build/nrf52832_xxaa/nrf_cli_libuarte.c.o
 .text.cli_libuarte_write
                0x000000000000592c       0x70 _build/nrf52832_xxaa/nrf_cli_libuarte.c.o
 .text.cli_libuarte_init
                0x000000000000599c       0x78 _build/nrf52832_xxaa/nrf_cli_libuarte.c.o
 .text.cli_rtt_read
                0x0000000000005a14       0x10 _build/nrf52832_xxaa/nrf_cli_rtt.c.o
 .text.cli_rtt_uninit
                0x0000000000005a24        0x8 _build/nrf52832_xxaa/nrf_cli_rtt.c.o
 .text.cli_rtt_init
                0x0000000000005a2c       0x24 _build/nrf52832_xxaa/nrf_cli_rtt.c.o
 .text.timer_handler
                0x0000000000005a50       0x34 _build/nrf52832_xxaa/nrf_cli_rtt.c.o
 .text.cli_rtt_write
                0x0000000000005a84       0x84 _build/nrf52832_xxaa/nrf_cli_rtt.c.o
 .text.cli_rtt_enable
                0x0000000000005b08       0x60 _build/nrf52832_xxaa/nrf_cli_rtt.c.o
 .text.nrf_fprintf_buffer_flush
                0x0000000000005b68       0x18 _build/nrf52832_xxaa/nrf_fprintf.c.o
                0x0000000000005b68                nrf_fprintf_buffer_flush
 .text.nrf_fprintf
                0x0000000000005b80       0x20 _build/nrf52832_xxaa/nrf_fprintf.c.o
                0x0000000000005b80                nrf_fprintf
 .text.unsigned_print
                0x0000000000005ba0      0x160 _build/nrf52832_xxaa/nrf_fprintf_format.c.o
 .text.nrf_fprintf_fmt
                0x0000000000005d00      0x584 _build/nrf52832_xxaa/nrf_fprintf_format.c.o
                0x0000000000005d00                nrf_fprintf_fmt
 .text.uart_evt_handler
                0x0000000000006284      0x11c _build/nrf52832_xxaa/nrf_libuarte_async.c.o
 .text.tmr_evt_handler
                0x00000000000063a0       0x90 _build/nrf52832_xxaa/nrf_libuarte_async.c.o
 .text.nrf_libuarte_async_timeout_handler
                0x0000000000006430       0x90 _build/nrf52832_xxaa/nrf_libuarte_async.c.o
                0x0000000000006430                nrf_libuarte_async_timeout_handler
 .text.app_timer_handler
                0x00000000000064c0       0xa0 _build/nrf52832_xxaa/nrf_libuarte_async.c.o
 .text.nrf_libuarte_async_init
                0x0000000000006560      0x224 _build/nrf52832_xxaa/nrf_libuarte_async.c.o
                0x0000000000006560                nrf_libuarte_async_init
 .text.nrf_libuarte_async_uninit
                0x0000000000006784       0x80 _build/nrf52832_xxaa/nrf_libuarte_async.c.o
                0x0000000000006784                nrf_libuarte_async_uninit
 .text.nrf_libuarte_async_enable
                0x0000000000006804       0xac _build/nrf52832_xxaa/nrf_libuarte_async.c.o
                0x0000000000006804                nrf_libuarte_async_enable
 .text.nrf_libuarte_async_tx
                0x00000000000068b0        0x8 _build/nrf52832_xxaa/nrf_libuarte_async.c.o
                0x00000000000068b0                nrf_libuarte_async_tx
 .text.nrf_libuarte_async_rx_free
                0x00000000000068b8       0x8c _build/nrf52832_xxaa/nrf_libuarte_async.c.o
                0x00000000000068b8                nrf_libuarte_async_rx_free
 .text.tmr_evt_handler
                0x0000000000006944        0x4 _build/nrf52832_xxaa/nrf_libuarte_drv.c.o
                0x0000000000006944                tmr_evt_handler
 .text.nrf_libuarte_drv_init
                0x0000000000006948      0x4f8 _build/nrf52832_xxaa/nrf_libuarte_drv.c.o
                0x0000000000006948                nrf_libuarte_drv_init
 .text.nrf_libuarte_drv_uninit
                0x0000000000006e40      0x300 _build/nrf52832_xxaa/nrf_libuarte_drv.c.o
                0x0000000000006e40                nrf_libuarte_drv_uninit
 .text.nrf_libuarte_drv_tx
                0x0000000000007140       0xcc _build/nrf52832_xxaa/nrf_libuarte_drv.c.o
                0x0000000000007140                nrf_libuarte_drv_tx
 .text.nrf_libuarte_drv_rx_start
                0x000000000000720c      0x110 _build/nrf52832_xxaa/nrf_libuarte_drv.c.o
                0x000000000000720c                nrf_libuarte_drv_rx_start
 .text.nrf_libuarte_drv_rx_buf_rsp
                0x000000000000731c       0x24 _build/nrf52832_xxaa/nrf_libuarte_drv.c.o
                0x000000000000731c                nrf_libuarte_drv_rx_buf_rsp
 .text.UARTE0_UART0_IRQHandler
                0x0000000000007340      0x1f0 _build/nrf52832_xxaa/nrf_libuarte_drv.c.o
                0x0000000000007340                UARTE0_UART0_IRQHandler
 .text.nrf_memobj_pool_init
                0x0000000000007530        0x4 _build/nrf52832_xxaa/nrf_memobj.c.o
                0x0000000000007530                nrf_memobj_pool_init
 .text.nrf_memobj_alloc
                0x0000000000007534       0x94 _build/nrf52832_xxaa/nrf_memobj.c.o
                0x0000000000007534                nrf_memobj_alloc
 .text.nrf_memobj_free
                0x00000000000075c8       0x3c _build/nrf52832_xxaa/nrf_memobj.c.o
                0x00000000000075c8                nrf_memobj_free
 .text.nrf_memobj_get
                0x0000000000007604        0x8 _build/nrf52832_xxaa/nrf_memobj.c.o
                0x0000000000007604                nrf_memobj_get
 .text.nrf_memobj_put
                0x000000000000760c       0x58 _build/nrf52832_xxaa/nrf_memobj.c.o
                0x000000000000760c                nrf_memobj_put
 .text.nrf_memobj_write
                0x0000000000007664       0x68 _build/nrf52832_xxaa/nrf_memobj.c.o
                0x0000000000007664                nrf_memobj_write
 .text.nrf_memobj_read
                0x00000000000076cc       0x68 _build/nrf52832_xxaa/nrf_memobj.c.o
                0x00000000000076cc                nrf_memobj_read
 .text.nrf_pwr_mgmt_feed
                0x0000000000007734        0x4 _build/nrf52832_xxaa/nrf_pwr_mgmt.c.o
                0x0000000000007734                nrf_pwr_mgmt_feed
 .text.nrf_queue_status
                0x0000000000007738      0x100 _build/nrf52832_xxaa/nrf_queue.c.o
 .text.nrf_queue_push
                0x0000000000007838       0xd8 _build/nrf52832_xxaa/nrf_queue.c.o
                0x0000000000007838                nrf_queue_push
 .text.nrf_queue_generic_pop
                0x0000000000007910       0xc8 _build/nrf52832_xxaa/nrf_queue.c.o
                0x0000000000007910                nrf_queue_generic_pop
 .text.nrf_queue_reset
                0x00000000000079d8       0x20 _build/nrf52832_xxaa/nrf_queue.c.o
                0x00000000000079d8                nrf_queue_reset
 .text.nrf_queue_max_utilization_get
                0x00000000000079f8        0x8 _build/nrf52832_xxaa/nrf_queue.c.o
                0x00000000000079f8                nrf_queue_max_utilization_get
 .text.nrf_queue_max_utilization_reset
                0x0000000000007a00        0x8 _build/nrf52832_xxaa/nrf_queue.c.o
                0x0000000000007a00                nrf_queue_max_utilization_reset
 .text.nrf_ringbuf_init
                0x0000000000007a08       0x1c _build/nrf52832_xxaa/nrf_ringbuf.c.o
                0x0000000000007a08                nrf_ringbuf_init
 .text.nrf_ringbuf_cpy_put
                0x0000000000007a24       0x8c _build/nrf52832_xxaa/nrf_ringbuf.c.o
                0x0000000000007a24                nrf_ringbuf_cpy_put
 .text.nrf_ringbuf_get
                0x0000000000007ab0       0x78 _build/nrf52832_xxaa/nrf_ringbuf.c.o
                0x0000000000007ab0                nrf_ringbuf_get
 .text.nrf_ringbuf_cpy_get
                0x0000000000007b28       0x88 _build/nrf52832_xxaa/nrf_ringbuf.c.o
                0x0000000000007b28                nrf_ringbuf_cpy_get
 .text.nrf_ringbuf_free
                0x0000000000007bb0       0x28 _build/nrf52832_xxaa/nrf_ringbuf.c.o
                0x0000000000007bb0                nrf_ringbuf_free
 .text.nrf_sortlist_add
                0x0000000000007bd8       0x28 _build/nrf52832_xxaa/nrf_sortlist.c.o
                0x0000000000007bd8                nrf_sortlist_add
 .text.nrf_sortlist_pop
                0x0000000000007c00        0xc _build/nrf52832_xxaa/nrf_sortlist.c.o
                0x0000000000007c00                nrf_sortlist_pop
 .text.nrf_sortlist_peek
                0x0000000000007c0c        0x8 _build/nrf52832_xxaa/nrf_sortlist.c.o
                0x0000000000007c0c                nrf_sortlist_peek
 .text.nrf_sortlist_remove
                0x0000000000007c14       0x1c _build/nrf52832_xxaa/nrf_sortlist.c.o
                0x0000000000007c14                nrf_sortlist_remove
 .text.clock_irq_handler
                0x0000000000007c30       0x44 _build/nrf52832_xxaa/nrf_drv_clock.c.o
 .text.nrf_drv_clock_init
                0x0000000000007c74       0x44 _build/nrf52832_xxaa/nrf_drv_clock.c.o
                0x0000000000007c74                nrf_drv_clock_init
 .text.nrf_drv_clock_lfclk_request
                0x0000000000007cb8       0x5c _build/nrf52832_xxaa/nrf_drv_clock.c.o
                0x0000000000007cb8                nrf_drv_clock_lfclk_request
 .text.nrfx_clock_init
                0x0000000000007d14       0x18 _build/nrf52832_xxaa/nrfx_clock.c.o
                0x0000000000007d14                nrfx_clock_init
 .text.nrfx_clock_enable
                0x0000000000007d2c       0x24 _build/nrf52832_xxaa/nrfx_clock.c.o
                0x0000000000007d2c                nrfx_clock_enable
 .text.nrfx_clock_lfclk_start
                0x0000000000007d50       0x60 _build/nrf52832_xxaa/nrfx_clock.c.o
                0x0000000000007d50                nrfx_clock_lfclk_start
 .text.POWER_CLOCK_IRQHandler
                0x0000000000007db0       0x70 _build/nrf52832_xxaa/nrfx_clock.c.o
                0x0000000000007db0                POWER_CLOCK_IRQHandler
 .text.nrfx_gpiote_init
                0x0000000000007e20       0xa8 _build/nrf52832_xxaa/nrfx_gpiote.c.o
                0x0000000000007e20                nrfx_gpiote_init
 .text.nrfx_gpiote_is_init
                0x0000000000007ec8       0x14 _build/nrf52832_xxaa/nrfx_gpiote.c.o
                0x0000000000007ec8                nrfx_gpiote_is_init
 .text.nrfx_gpiote_in_init
                0x0000000000007edc      0x1e8 _build/nrf52832_xxaa/nrfx_gpiote.c.o
                0x0000000000007edc                nrfx_gpiote_in_init
 .text.nrfx_gpiote_in_event_enable
                0x00000000000080c4       0xc4 _build/nrf52832_xxaa/nrfx_gpiote.c.o
                0x00000000000080c4                nrfx_gpiote_in_event_enable
 .text.nrfx_gpiote_in_is_set
                0x0000000000008188       0x14 _build/nrf52832_xxaa/nrfx_gpiote.c.o
                0x0000000000008188                nrfx_gpiote_in_is_set
 .text.GPIOTE_IRQHandler
                0x000000000000819c      0x444 _build/nrf52832_xxaa/nrfx_gpiote.c.o
                0x000000000000819c                GPIOTE_IRQHandler
 .text.nrfx_ppi_channel_alloc
                0x00000000000085e0       0x68 _build/nrf52832_xxaa/nrfx_ppi.c.o
                0x00000000000085e0                nrfx_ppi_channel_alloc
 .text.nrfx_ppi_channel_free
                0x0000000000008648       0x3c _build/nrf52832_xxaa/nrfx_ppi.c.o
                0x0000000000008648                nrfx_ppi_channel_free
 .text.nrfx_ppi_channel_assign
                0x0000000000008684       0x4c _build/nrf52832_xxaa/nrfx_ppi.c.o
                0x0000000000008684                nrfx_ppi_channel_assign
 .text.nrfx_ppi_channel_fork_assign
                0x00000000000086d0       0x28 _build/nrf52832_xxaa/nrfx_ppi.c.o
                0x00000000000086d0                nrfx_ppi_channel_fork_assign
 .text.nrfx_ppi_channel_enable
                0x00000000000086f8       0x2c _build/nrf52832_xxaa/nrfx_ppi.c.o
                0x00000000000086f8                nrfx_ppi_channel_enable
 .text.nrfx_ppi_channel_disable
                0x0000000000008724       0x2c _build/nrf52832_xxaa/nrfx_ppi.c.o
                0x0000000000008724                nrfx_ppi_channel_disable
 .text.nrfx_ppi_group_alloc
                0x0000000000008750       0x64 _build/nrf52832_xxaa/nrfx_ppi.c.o
                0x0000000000008750                nrfx_ppi_group_alloc
 .text.nrfx_ppi_group_free
                0x00000000000087b4       0x48 _build/nrf52832_xxaa/nrfx_ppi.c.o
                0x00000000000087b4                nrfx_ppi_group_free
 .text.nrfx_ppi_group_enable
                0x00000000000087fc       0x30 _build/nrf52832_xxaa/nrfx_ppi.c.o
                0x00000000000087fc                nrfx_ppi_group_enable
 .text.nrfx_ppi_channels_include_in_group
                0x000000000000882c       0x48 _build/nrf52832_xxaa/nrfx_ppi.c.o
                0x000000000000882c                nrfx_ppi_channels_include_in_group
 .text.nrfx_rtc_init
                0x0000000000008874       0x90 _build/nrf52832_xxaa/nrfx_rtc.c.o
                0x0000000000008874                nrfx_rtc_init
 .text.nrfx_rtc_uninit
                0x0000000000008904       0x58 _build/nrf52832_xxaa/nrfx_rtc.c.o
                0x0000000000008904                nrfx_rtc_uninit
 .text.nrfx_rtc_disable
                0x000000000000895c       0x18 _build/nrf52832_xxaa/nrfx_rtc.c.o
                0x000000000000895c                nrfx_rtc_disable
 .text.nrfx_rtc_cc_set
                0x0000000000008974       0xa0 _build/nrf52832_xxaa/nrfx_rtc.c.o
                0x0000000000008974                nrfx_rtc_cc_set
 .text.RTC2_IRQHandler
                0x0000000000008a14       0xb0 _build/nrf52832_xxaa/nrfx_rtc.c.o
                0x0000000000008a14                RTC2_IRQHandler
 .text.nrfx_timer_init
                0x0000000000008ac4      0x104 _build/nrf52832_xxaa/nrfx_timer.c.o
                0x0000000000008ac4                nrfx_timer_init
 .text.nrfx_timer_uninit
                0x0000000000008bc8       0x70 _build/nrf52832_xxaa/nrfx_timer.c.o
                0x0000000000008bc8                nrfx_timer_uninit
 .text.nrfx_timer_enable
                0x0000000000008c38       0x1c _build/nrf52832_xxaa/nrfx_timer.c.o
                0x0000000000008c38                nrfx_timer_enable
 .text.nrfx_timer_disable
                0x0000000000008c54       0x1c _build/nrf52832_xxaa/nrfx_timer.c.o
                0x0000000000008c54                nrfx_timer_disable
 .text.nrfx_timer_clear
                0x0000000000008c70        0x8 _build/nrf52832_xxaa/nrfx_timer.c.o
                0x0000000000008c70                nrfx_timer_clear
 .text.nrfx_timer_compare
                0x0000000000008c78       0x40 _build/nrf52832_xxaa/nrfx_timer.c.o
                0x0000000000008c78                nrfx_timer_compare
 .text.TIMER2_IRQHandler
                0x0000000000008cb8       0x58 _build/nrf52832_xxaa/nrfx_timer.c.o
                0x0000000000008cb8                TIMER2_IRQHandler
 .text.TIMER3_IRQHandler
                0x0000000000008d10       0x58 _build/nrf52832_xxaa/nrfx_timer.c.o
                0x0000000000008d10                TIMER3_IRQHandler
 .text.TIMER4_IRQHandler
                0x0000000000008d68       0x58 _build/nrf52832_xxaa/nrfx_timer.c.o
                0x0000000000008d68                TIMER4_IRQHandler
 .text.alert_timer_handler
                0x0000000000008dc0        0x8 _build/nrf52832_xxaa/bsp.c.o
 .text.bsp_button_event_handler
                0x0000000000008dc8       0xa4 _build/nrf52832_xxaa/bsp.c.o
 .text.button_timer_handler
                0x0000000000008e6c       0x30 _build/nrf52832_xxaa/bsp.c.o
 .text.bsp_led_indication
                0x0000000000008e9c      0x300 _build/nrf52832_xxaa/bsp.c.o
 .text.leds_timer_handler
                0x000000000000919c       0x1c _build/nrf52832_xxaa/bsp.c.o
 .text.bsp_init
                0x00000000000091b8       0xbc _build/nrf52832_xxaa/bsp.c.o
                0x00000000000091b8                bsp_init
 .text.bsp_evt_handler
                0x0000000000009274       0x20 _build/nrf52832_xxaa/main.c.o
                0x0000000000009274                bsp_evt_handler
 .text.timer_handle
                0x0000000000009294        0x4 _build/nrf52832_xxaa/main.c.o
 .text.cmd_audio
                0x0000000000009298       0x34 _build/nrf52832_xxaa/main.c.o
 .text.cmd_hand
                0x00000000000092cc       0x30 _build/nrf52832_xxaa/main.c.o
 .text.bsp_configuration
                0x00000000000092fc       0x1c _build/nrf52832_xxaa/main.c.o
                0x00000000000092fc                bsp_configuration
 .text.startup.main
                0x0000000000009318      0x17c _build/nrf52832_xxaa/main.c.o
                0x0000000000009318                main
 .text.stateMachine
                0x0000000000009494       0xdc _build/nrf52832_xxaa/main.c.o
                0x0000000000009494                stateMachine
 .text.cmd_statemachine
                0x0000000000009570       0x1c _build/nrf52832_xxaa/main.c.o
 .text.SEGGER_RTT_Read
                0x000000000000958c      0x110 _build/nrf52832_xxaa/SEGGER_RTT.c.o
                0x000000000000958c                SEGGER_RTT_Read
 .text.SEGGER_RTT_WriteNoLock
                0x000000000000969c      0x1ac _build/nrf52832_xxaa/SEGGER_RTT.c.o
                0x000000000000969c                SEGGER_RTT_WriteNoLock
 .text.SEGGER_RTT_Write
                0x0000000000009848      0x22c _build/nrf52832_xxaa/SEGGER_RTT.c.o
                0x0000000000009848                SEGGER_RTT_Write
 .text.SEGGER_RTT_HasData
                0x0000000000009a74       0x18 _build/nrf52832_xxaa/SEGGER_RTT.c.o
                0x0000000000009a74                SEGGER_RTT_HasData
 .text.SEGGER_RTT_Init
                0x0000000000009a8c       0x60 _build/nrf52832_xxaa/SEGGER_RTT.c.o
                0x0000000000009a8c                SEGGER_RTT_Init
 .text.SystemInit
                0x0000000000009aec      0x3d8 _build/nrf52832_xxaa/system_nrf52.c.o
                0x0000000000009aec                SystemInit
 .text.exit     0x0000000000009ec4       0x28 /Users/dusk/nRF52/gcc-arm-none-eabi-9-2020-q2-update/bin/../lib/gcc/arm-none-eabi/10.3.1/../../../../arm-none-eabi/lib/thumb/v7e-m+fp/hard/libc_nano.a(lib_a-exit.o)
                0x0000000000009ec4                exit
 .text.__libc_init_array
                0x0000000000009eec       0x48 /Users/dusk/nRF52/gcc-arm-none-eabi-9-2020-q2-update/bin/../lib/gcc/arm-none-eabi/10.3.1/../../../../arm-none-eabi/lib/thumb/v7e-m+fp/hard/libc_nano.a(lib_a-init.o)
                0x0000000000009eec                __libc_init_array
 .text.memcpy   0x0000000000009f34       0x1c /Users/dusk/nRF52/gcc-arm-none-eabi-9-2020-q2-update/bin/../lib/gcc/arm-none-eabi/10.3.1/../../../../arm-none-eabi/lib/thumb/v7e-m+fp/hard/libc_nano.a(lib_a-memcpy-stub.o)
                0x0000000000009f34                memcpy
 .text.memmove  0x0000000000009f50       0x34 /Users/dusk/nRF52/gcc-arm-none-eabi-9-2020-q2-update/bin/../lib/gcc/arm-none-eabi/10.3.1/../../../../arm-none-eabi/lib/thumb/v7e-m+fp/hard/libc_nano.a(lib_a-memmove.o)
                0x0000000000009f50                memmove
 .text.memset   0x0000000000009f84       0x10 /Users/dusk/nRF52/gcc-arm-none-eabi-9-2020-q2-update/bin/../lib/gcc/arm-none-eabi/10.3.1/../../../../arm-none-eabi/lib/thumb/v7e-m+fp/hard/libc_nano.a(lib_a-memset.o)
                0x0000000000009f84                memset
 .text.swapfunc
                0x0000000000009f94       0x32 /Users/dusk/nRF52/gcc-arm-none-eabi-9-2020-q2-update/bin/../lib/gcc/arm-none-eabi/10.3.1/../../../../arm-none-eabi/lib/thumb/v7e-m+fp/hard/libc_nano.a(lib_a-qsort.o)
 .text.med3.constprop.0
                0x0000000000009fc6       0x3e /Users/dusk/nRF52/gcc-arm-none-eabi-9-2020-q2-update/bin/../lib/gcc/arm-none-eabi/10.3.1/../../../../arm-none-eabi/lib/thumb/v7e-m+fp/hard/libc_nano.a(lib_a-qsort.o)
 .text.qsort    0x000000000000a004      0x2a0 /Users/dusk/nRF52/gcc-arm-none-eabi-9-2020-q2-update/bin/../lib/gcc/arm-none-eabi/10.3.1/../../../../arm-none-eabi/lib/thumb/v7e-m+fp/hard/libc_nano.a(lib_a-qsort.o)
                0x000000000000a004                qsort
 .text          0x000000000000a2a4       0x14 /Users/dusk/nRF52/gcc-arm-none-eabi-9-2020-q2-update/bin/../lib/gcc/arm-none-eabi/10.3.1/../../../../arm-none-eabi/lib/thumb/v7e-m+fp/hard/libc_nano.a(lib_a-strcmp.o)
                0x000000000000a2a4                strcmp
 .text.strcpy   0x000000000000a2b8       0x10 /Users/dusk/nRF52/gcc-arm-none-eabi-9-2020-q2-update/bin/../lib/gcc/arm-none-eabi/10.3.1/../../../../arm-none-eabi/lib/thumb/v7e-m+fp/hard/libc_nano.a(lib_a-strcpy.o)
                0x000000000000a2b8                strcpy
 .text          0x000000000000a2c8       0x10 /Users/dusk/nRF52/gcc-arm-none-eabi-9-2020-q2-update/bin/../lib/gcc/arm-none-eabi/10.3.1/../../../../arm-none-eabi/lib/thumb/v7e-m+fp/hard/libc_nano.a(lib_a-strlen.o)
                0x000000000000a2c8                strlen
 .text.strncmp  0x000000000000a2d8       0x28 /Users/dusk/nRF52/gcc-arm-none-eabi-9-2020-q2-update/bin/../lib/gcc/arm-none-eabi/10.3.1/../../../../arm-none-eabi/lib/thumb/v7e-m+fp/hard/libc_nano.a(lib_a-strncmp.o)
                0x000000000000a2d8                strncmp
 .text._exit    0x000000000000a300        0x4 /Users/dusk/nRF52/gcc-arm-none-eabi-9-2020-q2-update/bin/../lib/gcc/arm-none-eabi/10.3.1/../../../../arm-none-eabi/lib/thumb/v7e-m+fp/hard/libnosys.a(_exit.o)
                0x000000000000a300                _exit
 .text          0x000000000000a304       0x30 /Users/dusk/nRF52/gcc-arm-none-eabi-9-2020-q2-update/bin/../lib/gcc/arm-none-eabi/10.3.1/thumb/v7e-m+fp/hard/libgcc.a(_aeabi_uldivmod.o)
                0x000000000000a304                __aeabi_uldivmod
 .text          0x000000000000a334      0x2d0 /Users/dusk/nRF52/gcc-arm-none-eabi-9-2020-q2-update/bin/../lib/gcc/arm-none-eabi/10.3.1/thumb/v7e-m+fp/hard/libgcc.a(_udivmoddi4.o)
                0x000000000000a334                __udivmoddi4
 .text          0x000000000000a604        0x4 /Users/dusk/nRF52/gcc-arm-none-eabi-9-2020-q2-update/bin/../lib/gcc/arm-none-eabi/10.3.1/thumb/v7e-m+fp/hard/libgcc.a(_dvmd_tls.o)
                0x000000000000a604                __aeabi_ldiv0
                0x000000000000a604                __aeabi_idiv0
 *(.init)
 .init          0x000000000000a608        0x4 /Users/dusk/nRF52/gcc-arm-none-eabi-9-2020-q2-update/bin/../lib/gcc/arm-none-eabi/10.3.1/thumb/v7e-m+fp/hard/crti.o
                0x000000000000a608                _init
 .init          0x000000000000a60c        0x8 /Users/dusk/nRF52/gcc-arm-none-eabi-9-2020-q2-update/bin/../lib/gcc/arm-none-eabi/10.3.1/thumb/v7e-m+fp/hard/crtn.o
 *(.fini)
 .fini          0x000000000000a614        0x4 /Users/dusk/nRF52/gcc-arm-none-eabi-9-2020-q2-update/bin/../lib/gcc/arm-none-eabi/10.3.1/thumb/v7e-m+fp/hard/crti.o
                0x000000000000a614                _fini
 .fini          0x000000000000a618        0x8 /Users/dusk/nRF52/gcc-arm-none-eabi-9-2020-q2-update/bin/../lib/gcc/arm-none-eabi/10.3.1/thumb/v7e-m+fp/hard/crtn.o
 *crtbegin.o(.ctors)
 *crtbegin?.o(.ctors)
 *(EXCLUDE_FILE(*crtend.o *crtend?.o) .ctors)
 *(SORT_BY_NAME(.ctors.*))
 *(.ctors)
 *crtbegin.o(.dtors)
 *crtbegin?.o(.dtors)
 *(EXCLUDE_FILE(*crtend.o *crtend?.o) .dtors)
 *(SORT_BY_NAME(.dtors.*))
 *(.dtors)
 *(.rodata*)
 .rodata.delay_machine_code.0
                0x000000000000a620        0x6 _build/nrf52832_xxaa/nrf_log_backend_rtt.c.o
 *fill*         0x000000000000a626        0x2 
 .rodata.nrf_log_backend_rtt_api
                0x000000000000a628        0xc _build/nrf52832_xxaa/nrf_log_backend_rtt.c.o
                0x000000000000a628                nrf_log_backend_rtt_api
 .rodata.str1.4
                0x000000000000a634       0x10 _build/nrf52832_xxaa/nrf_log_default_backends.c.o
 .rodata.log_cmd.str1.4
                0x000000000000a644       0x21 _build/nrf52832_xxaa/nrf_log_frontend.c.o
 *fill*         0x000000000000a665        0x3 
 .rodata.log_cmd_backends_list.str1.4
                0x000000000000a668       0x55 _build/nrf52832_xxaa/nrf_log_frontend.c.o
 *fill*         0x000000000000a6bd        0x3 
 .rodata.log_config_load_cmd.str1.4
                0x000000000000a6c0       0x11 _build/nrf52832_xxaa/nrf_log_frontend.c.o
 *fill*         0x000000000000a6d1        0x3 
 .rodata.log_backend_halt.str1.4
                0x000000000000a6d4       0x16 _build/nrf52832_xxaa/nrf_log_frontend.c.o
 *fill*         0x000000000000a6ea        0x2 
 .rodata.log_status.str1.4
                0x000000000000a6ec       0xa2 _build/nrf52832_xxaa/nrf_log_frontend.c.o
                                         0xa5 (size before relaxing)
 *fill*         0x000000000000a78e        0x2 
 .rodata.log_ctrl.str1.4
                0x000000000000a790       0x95 _build/nrf52832_xxaa/nrf_log_frontend.c.o
 *fill*         0x000000000000a825        0x3 
 .rodata.nrf_log_frontend_dequeue.str1.4
                0x000000000000a828       0x11 _build/nrf52832_xxaa/nrf_log_frontend.c.o
 *fill*         0x000000000000a839        0x3 
 .rodata.str1.4
                0x000000000000a83c      0x273 _build/nrf52832_xxaa/nrf_log_frontend.c.o
                                        0x283 (size before relaxing)
 *fill*         0x000000000000aaaf        0x1 
 .rodata.m_backend_name_dynamic
                0x000000000000aab0        0x8 _build/nrf52832_xxaa/nrf_log_frontend.c.o
 .rodata.m_log_push_ringbuf
                0x000000000000aab8        0xc _build/nrf52832_xxaa/nrf_log_frontend.c.o
 .rodata.m_module_name
                0x000000000000aac4        0x8 _build/nrf52832_xxaa/nrf_log_frontend.c.o
 .rodata.m_severity_lvl
                0x000000000000aacc        0x8 _build/nrf52832_xxaa/nrf_log_frontend.c.o
 .rodata.m_severity_lvls
                0x000000000000aad4       0x14 _build/nrf52832_xxaa/nrf_log_frontend.c.o
 .rodata.m_severity_lvls_sorted
                0x000000000000aae8       0x14 _build/nrf52832_xxaa/nrf_log_frontend.c.o
 .rodata.m_sub_log_backend
                0x000000000000aafc        0x8 _build/nrf52832_xxaa/nrf_log_frontend.c.o
 .rodata.m_sub_log_backend_raw
                0x000000000000ab04       0x60 _build/nrf52832_xxaa/nrf_log_frontend.c.o
 .rodata.m_sub_log_config
                0x000000000000ab64        0x8 _build/nrf52832_xxaa/nrf_log_frontend.c.o
 .rodata.m_sub_log_config_raw
                0x000000000000ab6c       0x30 _build/nrf52832_xxaa/nrf_log_frontend.c.o
 .rodata.m_sub_log_stat
                0x000000000000ab9c        0x8 _build/nrf52832_xxaa/nrf_log_frontend.c.o
 .rodata.m_sub_log_stat_raw
                0x000000000000aba4       0x90 _build/nrf52832_xxaa/nrf_log_frontend.c.o
 .rodata.nrf_cli_log_raw
                0x000000000000ac34       0x10 _build/nrf52832_xxaa/nrf_log_frontend.c.o
                0x000000000000ac34                nrf_cli_log_raw
 .rodata.prefix_process.str1.4
                0x000000000000ac44       0x36 _build/nrf52832_xxaa/nrf_log_str_formatter.c.o
 .rodata.nrf_log_std_entry_process.str1.4
                0x000000000000ac7a       0x36 _build/nrf52832_xxaa/nrf_log_str_formatter.c.o
                                          0x3 (size before relaxing)
 *fill*         0x000000000000ac7a        0x2 
 .rodata.nrf_log_hexdump_entry_process.str1.4
                0x000000000000ac7c       0x13 _build/nrf52832_xxaa/nrf_log_str_formatter.c.o
                                         0x16 (size before relaxing)
 *fill*         0x000000000000ac8f        0x1 
 .rodata.str1.4
                0x000000000000ac90       0x38 _build/nrf52832_xxaa/nrf_log_str_formatter.c.o
                                         0x56 (size before relaxing)
 .rodata.m_colors
                0x000000000000acc8       0x24 _build/nrf52832_xxaa/nrf_log_str_formatter.c.o
 .rodata.severity_names
                0x000000000000acec       0x14 _build/nrf52832_xxaa/nrf_log_str_formatter.c.o
 .rodata.m_board_led_list
                0x000000000000ad00        0x4 _build/nrf52832_xxaa/boards.c.o
 .rodata.str1.4
                0x000000000000ad04       0x33 _build/nrf52832_xxaa/app_button.c.o
 *fill*         0x000000000000ad37        0x1 
 .rodata.m_detection_delay_timer_id
                0x000000000000ad38        0x4 _build/nrf52832_xxaa/app_button.c.o
 .rodata.app_error_fault_handler.str1.4
                0x000000000000ad3c       0x19 _build/nrf52832_xxaa/app_error_weak.c.o
 *fill*         0x000000000000ad55        0x3 
 .rodata.str1.4
                0x000000000000ad58       0x1e _build/nrf52832_xxaa/app_timer2.c.o
 *fill*         0x000000000000ad76        0x2 
 .rodata        0x000000000000ad78        0x4 _build/nrf52832_xxaa/app_timer2.c.o
 .rodata.m_app_timer_sortlist
                0x000000000000ad7c        0xc _build/nrf52832_xxaa/app_timer2.c.o
 .rodata.drv_rtc_init.str1.4
                0x000000000000ad88       0x36 _build/nrf52832_xxaa/drv_rtc.c.o
 *fill*         0x000000000000adbe        0x2 
 .rodata.delay_machine_code.0
                0x000000000000adc0        0x6 _build/nrf52832_xxaa/drv_rtc.c.o
 *fill*         0x000000000000adc6        0x2 
 .rodata.HardFault_c_handler.str1.4
                0x000000000000adc8      0x136 _build/nrf52832_xxaa/hardfault_implementation.c.o
 *fill*         0x000000000000aefe        0x2 
 .rodata.str1.4
                0x000000000000af00      0x4de _build/nrf52832_xxaa/hardfault_implementation.c.o
 *fill*         0x000000000000b3de        0x2 
 .rodata.cfsr_msgs.0
                0x000000000000b3e0       0x68 _build/nrf52832_xxaa/hardfault_implementation.c.o
 .rodata.nrf_balloc_status.str1.4
                0x000000000000b448       0xa2 _build/nrf52832_xxaa/nrf_balloc.c.o
 *fill*         0x000000000000b4ea        0x2 
 .rodata.str1.4
                0x000000000000b4ec       0x4a _build/nrf52832_xxaa/nrf_balloc.c.o
                                         0x52 (size before relaxing)
 *fill*         0x000000000000b536        0x2 
 .rodata.nrf_balloc_commands
                0x000000000000b538        0x8 _build/nrf52832_xxaa/nrf_balloc.c.o
 .rodata.nrf_balloc_commands_raw
                0x000000000000b540       0x20 _build/nrf52832_xxaa/nrf_balloc.c.o
 .rodata.nrf_cli_balloc_raw
                0x000000000000b560       0x10 _build/nrf52832_xxaa/nrf_balloc.c.o
                0x000000000000b560                nrf_cli_balloc_raw
 .rodata.format_offset_string_print.part.0.str1.4
                0x000000000000b570        0x6 _build/nrf52832_xxaa/nrf_cli.c.o
                                          0xa (size before relaxing)
 .rodata.nrf_cli_fprintf.constprop.0.str1.4
                0x000000000000b576        0x3 _build/nrf52832_xxaa/nrf_cli.c.o
 *fill*         0x000000000000b576        0x2 
 .rodata.nrf_cli_help_print.constprop.0.str1.4
                0x000000000000b578       0x36 _build/nrf52832_xxaa/nrf_cli.c.o
                                         0x3e (size before relaxing)
 *fill*         0x000000000000b5ae        0x2 
 .rodata.cursor_end_position_move.str1.4
                0x000000000000b5b0        0xe _build/nrf52832_xxaa/nrf_cli.c.o
 *fill*         0x000000000000b5be        0x2 
 .rodata.cursor_home_position_move.str1.4
                0x000000000000b5c0        0x6 _build/nrf52832_xxaa/nrf_cli.c.o
 .rodata.char_insert.str1.4
                0x000000000000b5c6        0x3 _build/nrf52832_xxaa/nrf_cli.c.o
 *fill*         0x000000000000b5c6        0x2 
 .rodata.cli_log_entry_process.str1.4
                0x000000000000b5c8       0x2e _build/nrf52832_xxaa/nrf_cli.c.o
 *fill*         0x000000000000b5f6        0x2 
 .rodata.nrf_cli_process.str1.4
                0x000000000000b5f8       0x98 _build/nrf52832_xxaa/nrf_cli.c.o
 .rodata.nrf_cli_cmd_resize.str1.4
                0x000000000000b690       0x61 _build/nrf52832_xxaa/nrf_cli.c.o
                                         0x79 (size before relaxing)
 *fill*         0x000000000000b6f1        0x3 
 .rodata.nrf_cli_start.str1.4
                0x000000000000b6f4        0x3 _build/nrf52832_xxaa/nrf_cli.c.o
 *fill*         0x000000000000b6f7        0x1 
 .rodata.nrf_cli_cmd_echo.str1.4
                0x000000000000b6f8       0x15 _build/nrf52832_xxaa/nrf_cli.c.o
                                         0x19 (size before relaxing)
 *fill*         0x000000000000b70d        0x3 
 .rodata.nrf_cli_cmd_cli_stats_show.str1.4
                0x000000000000b710       0x37 _build/nrf52832_xxaa/nrf_cli.c.o
 *fill*         0x000000000000b747        0x1 
 .rodata.nrf_cli_cmd_history.str1.4
                0x000000000000b748        0xa _build/nrf52832_xxaa/nrf_cli.c.o
 *fill*         0x000000000000b752        0x2 
 .rodata.nrf_cli_help_print.str1.4
                0x000000000000b754        0x9 _build/nrf52832_xxaa/nrf_cli.c.o
 *fill*         0x000000000000b75d        0x3 
 .rodata.str1.4
                0x000000000000b760      0x2ab _build/nrf52832_xxaa/nrf_cli.c.o
 *fill*         0x000000000000ba0b        0x1 
 .rodata.cmd.0  0x000000000000ba0c        0x6 _build/nrf52832_xxaa/nrf_cli.c.o
 *fill*         0x000000000000ba12        0x2 
 .rodata.cmd.10
                0x000000000000ba14        0x4 _build/nrf52832_xxaa/nrf_cli.c.o
 .rodata.cmd.11
                0x000000000000ba18        0x3 _build/nrf52832_xxaa/nrf_cli.c.o
 *fill*         0x000000000000ba1b        0x1 
 .rodata.cmd.14
                0x000000000000ba1c        0x4 _build/nrf52832_xxaa/nrf_cli.c.o
 .rodata.cmd.3  0x000000000000ba20        0x5 _build/nrf52832_xxaa/nrf_cli.c.o
 *fill*         0x000000000000ba25        0x3 
 .rodata.cmd.4  0x000000000000ba28        0x4 _build/nrf52832_xxaa/nrf_cli.c.o
 .rodata.cmd.8  0x000000000000ba2c        0x4 _build/nrf52832_xxaa/nrf_cli.c.o
 .rodata.cmd.9  0x000000000000ba30        0x3 _build/nrf52832_xxaa/nrf_cli.c.o
 *fill*         0x000000000000ba33        0x1 
 .rodata.cmd_bspace.12
                0x000000000000ba34        0x4 _build/nrf52832_xxaa/nrf_cli.c.o
 .rodata.cmd_get_terminal_size.2
                0x000000000000ba38        0x5 _build/nrf52832_xxaa/nrf_cli.c.o
 *fill*         0x000000000000ba3d        0x3 
 .rodata.cmd_sep.5
                0x000000000000ba40        0x4 _build/nrf52832_xxaa/nrf_cli.c.o
 *fill*         0x000000000000ba44        0xc 
 .rodata.delay_machine_code.1
                0x000000000000ba50        0x6 _build/nrf52832_xxaa/nrf_cli.c.o
 *fill*         0x000000000000ba56        0x2 
 .rodata.help.7
                0x000000000000ba58        0xb _build/nrf52832_xxaa/nrf_cli.c.o
 *fill*         0x000000000000ba63        0x1 
 .rodata.m_sub_cli
                0x000000000000ba64        0x8 _build/nrf52832_xxaa/nrf_cli.c.o
 .rodata.m_sub_cli_raw
                0x000000000000ba6c       0x40 _build/nrf52832_xxaa/nrf_cli.c.o
 .rodata.m_sub_cli_stats
                0x000000000000baac        0x8 _build/nrf52832_xxaa/nrf_cli.c.o
 .rodata.m_sub_cli_stats_raw
                0x000000000000bab4       0x30 _build/nrf52832_xxaa/nrf_cli.c.o
 .rodata.m_sub_colors
                0x000000000000bae4        0x8 _build/nrf52832_xxaa/nrf_cli.c.o
 .rodata.m_sub_colors_raw
                0x000000000000baec       0x30 _build/nrf52832_xxaa/nrf_cli.c.o
 .rodata.m_sub_echo
                0x000000000000bb1c        0x8 _build/nrf52832_xxaa/nrf_cli.c.o
 .rodata.m_sub_echo_raw
                0x000000000000bb24       0x30 _build/nrf52832_xxaa/nrf_cli.c.o
 .rodata.m_sub_resize
                0x000000000000bb54        0x8 _build/nrf52832_xxaa/nrf_cli.c.o
 .rodata.m_sub_resize_raw
                0x000000000000bb5c       0x20 _build/nrf52832_xxaa/nrf_cli.c.o
 .rodata.nrf_cli_clear_raw
                0x000000000000bb7c       0x10 _build/nrf52832_xxaa/nrf_cli.c.o
                0x000000000000bb7c                nrf_cli_clear_raw
 .rodata.nrf_cli_cli_raw
                0x000000000000bb8c       0x10 _build/nrf52832_xxaa/nrf_cli.c.o
                0x000000000000bb8c                nrf_cli_cli_raw
 .rodata.nrf_cli_history_raw
                0x000000000000bb9c       0x10 _build/nrf52832_xxaa/nrf_cli.c.o
                0x000000000000bb9c                nrf_cli_history_raw
 .rodata.nrf_cli_resize_raw
                0x000000000000bbac       0x10 _build/nrf52832_xxaa/nrf_cli.c.o
                0x000000000000bbac                nrf_cli_resize_raw
 .rodata.nrf_log_backend_cli_api
                0x000000000000bbbc        0xc _build/nrf52832_xxaa/nrf_cli.c.o
                0x000000000000bbbc                nrf_log_backend_cli_api
 .rodata.opt_sep.6
                0x000000000000bbc8        0x3 _build/nrf52832_xxaa/nrf_cli.c.o
 *fill*         0x000000000000bbcb        0x1 
 .rodata.str1.4
                0x000000000000bbcc       0x6d _build/nrf52832_xxaa/nrf_cli_libuarte.c.o
 *fill*         0x000000000000bc39        0x3 
 .rodata.cli_libuarte_transport_api
                0x000000000000bc3c       0x14 _build/nrf52832_xxaa/nrf_cli_libuarte.c.o
                0x000000000000bc3c                cli_libuarte_transport_api
 .rodata.libuarte
                0x000000000000bc50       0x28 _build/nrf52832_xxaa/nrf_cli_libuarte.c.o
 .rodata.libuarte_libuarte
                0x000000000000bc78       0x10 _build/nrf52832_xxaa/nrf_cli_libuarte.c.o
 .rodata.libuarte_rtc
                0x000000000000bc88        0x8 _build/nrf52832_xxaa/nrf_cli_libuarte.c.o
 .rodata.delay_machine_code.0
                0x000000000000bc90        0x6 _build/nrf52832_xxaa/nrf_cli_rtt.c.o
 *fill*         0x000000000000bc96        0x2 
 .rodata.nrf_cli_rtt_transport_api
                0x000000000000bc98       0x14 _build/nrf52832_xxaa/nrf_cli_rtt.c.o
                0x000000000000bc98                nrf_cli_rtt_transport_api
 .rodata._aV2C.0
                0x000000000000bcac       0x10 _build/nrf52832_xxaa/nrf_fprintf_format.c.o
 .rodata.str1.4
                0x000000000000bcbc        0xf _build/nrf52832_xxaa/nrf_libuarte_async.c.o
 *fill*         0x000000000000bccb        0x1 
 .rodata        0x000000000000bccc        0x6 _build/nrf52832_xxaa/nrf_libuarte_async.c.o
 *fill*         0x000000000000bcd2        0x2 
 .rodata.str1.4
                0x000000000000bcd4        0x9 _build/nrf52832_xxaa/nrf_libuarte_drv.c.o
 *fill*         0x000000000000bcdd        0x3 
 .rodata.str1.4
                0x000000000000bce0        0x9 _build/nrf52832_xxaa/nrf_pwr_mgmt.c.o
 *fill*         0x000000000000bce9        0x3 
 .rodata.nrf_queue_status.str1.4
                0x000000000000bcec       0x94 _build/nrf52832_xxaa/nrf_queue.c.o
                                         0xa8 (size before relaxing)
 .rodata.str1.4
                0x000000000000bd80       0x21 _build/nrf52832_xxaa/nrf_queue.c.o
                                         0x51 (size before relaxing)
 *fill*         0x000000000000bda1        0x3 
 .rodata.nrf_cli_queue_raw
                0x000000000000bda4       0x10 _build/nrf52832_xxaa/nrf_queue.c.o
                0x000000000000bda4                nrf_cli_queue_raw
 .rodata.nrf_queue_commands
                0x000000000000bdb4        0x8 _build/nrf52832_xxaa/nrf_queue.c.o
 .rodata.nrf_queue_commands_raw
                0x000000000000bdbc       0x20 _build/nrf52832_xxaa/nrf_queue.c.o
 .rodata.str1.4
                0x000000000000bddc        0x9 _build/nrf52832_xxaa/nrf_sortlist.c.o
 *fill*         0x000000000000bde5        0x3 
 .rodata.str1.4
                0x000000000000bde8        0x6 _build/nrf52832_xxaa/nrf_drv_clock.c.o
 *fill*         0x000000000000bdee        0x2 
 .rodata.str1.4
                0x000000000000bdf0        0x6 _build/nrf52832_xxaa/nrfx_clock.c.o
 *fill*         0x000000000000bdf6        0x2 
 .rodata.str1.4
                0x000000000000bdf8        0x7 _build/nrf52832_xxaa/nrfx_gpiote.c.o
 *fill*         0x000000000000bdff        0x1 
 .rodata.str1.4
                0x000000000000be00        0x4 _build/nrf52832_xxaa/nrfx_ppi.c.o
 .rodata.str1.4
                0x000000000000be04        0x4 _build/nrf52832_xxaa/nrfx_rtc.c.o
 .rodata.str1.4
                0x000000000000be08        0x6 _build/nrf52832_xxaa/nrfx_timer.c.o
 *fill*         0x000000000000be0e        0x2 
 .rodata.str1.4
                0x000000000000be10       0x51 _build/nrf52832_xxaa/bsp.c.o
 *fill*         0x000000000000be61        0x3 
 .rodata.app_buttons
                0x000000000000be64       0x20 _build/nrf52832_xxaa/bsp.c.o
 .rodata.m_bsp_alert_tmr
                0x000000000000be84        0x4 _build/nrf52832_xxaa/bsp.c.o
 .rodata.m_bsp_button_tmr
                0x000000000000be88        0x4 _build/nrf52832_xxaa/bsp.c.o
 .rodata.m_bsp_leds_tmr
                0x000000000000be8c        0x4 _build/nrf52832_xxaa/bsp.c.o
 .rodata.cmd_audio.str1.4
                0x000000000000be90        0xe _build/nrf52832_xxaa/main.c.o
 *fill*         0x000000000000be9e        0x2 
 .rodata.cmd_hand.str1.4
                0x000000000000bea0        0xd _build/nrf52832_xxaa/main.c.o
 *fill*         0x000000000000bead        0x3 
 .rodata.main.str1.4
                0x000000000000beb0       0x7d _build/nrf52832_xxaa/main.c.o
 *fill*         0x000000000000bf2d        0x3 
 .rodata.str1.4
                0x000000000000bf30      0x238 _build/nrf52832_xxaa/main.c.o
 .rodata.m_cli_libuarte
                0x000000000000c168       0x18 _build/nrf52832_xxaa/main.c.o
 .rodata.m_cli_libuarte_transport
                0x000000000000c180       0x10 _build/nrf52832_xxaa/main.c.o
 .rodata.m_cli_libuarte_transport_rx_ringbuf
                0x000000000000c190        0xc _build/nrf52832_xxaa/main.c.o
 .rodata.m_cli_libuarte_transport_tx_ringbuf
                0x000000000000c19c        0xc _build/nrf52832_xxaa/main.c.o
 .rodata.m_cli_rtt
                0x000000000000c1a8       0x18 _build/nrf52832_xxaa/main.c.o
 .rodata.m_cli_rtt_transport
                0x000000000000c1c0        0xc _build/nrf52832_xxaa/main.c.o
 .rodata.m_cli_rtt_transport_timer
                0x000000000000c1cc        0x4 _build/nrf52832_xxaa/main.c.o
 .rodata.m_sub_audio
                0x000000000000c1d0        0x8 _build/nrf52832_xxaa/main.c.o
 .rodata.m_sub_audio_raw
                0x000000000000c1d8       0x30 _build/nrf52832_xxaa/main.c.o
 .rodata.m_sub_hand
                0x000000000000c208        0x8 _build/nrf52832_xxaa/main.c.o
 .rodata.m_sub_hand_raw
                0x000000000000c210       0x30 _build/nrf52832_xxaa/main.c.o
 .rodata.m_timer_0
                0x000000000000c240        0x4 _build/nrf52832_xxaa/main.c.o
 .rodata.nrf_cli_gostatemachinego_raw
                0x000000000000c244       0x10 _build/nrf52832_xxaa/main.c.o
                0x000000000000c244                nrf_cli_gostatemachinego_raw
 .rodata.nrf_cli_hand_raw
                0x000000000000c254       0x10 _build/nrf52832_xxaa/main.c.o
                0x000000000000c254                nrf_cli_hand_raw
 .rodata.nrf_cli_mute_raw
                0x000000000000c264       0x10 _build/nrf52832_xxaa/main.c.o
                0x000000000000c264                nrf_cli_mute_raw
 .rodata.SEGGER_RTT_ReadNoLock.str1.4
                0x000000000000c274       0x17 _build/nrf52832_xxaa/SEGGER_RTT.c.o
 *fill*         0x000000000000c28b        0x1 
 .rodata.CSWTCH.15
                0x000000000000c28c        0x5 _build/nrf52832_xxaa/system_nrf52.c.o
 *fill*         0x000000000000c291        0x3 
 .rodata.CSWTCH.19
                0x000000000000c294        0x5 _build/nrf52832_xxaa/system_nrf52.c.o
 *fill*         0x000000000000c299        0x3 
 .rodata.CSWTCH.21
                0x000000000000c29c        0x5 _build/nrf52832_xxaa/system_nrf52.c.o
 *fill*         0x000000000000c2a1        0x3 
 .rodata.CSWTCH.5
                0x000000000000c2a4        0x5 _build/nrf52832_xxaa/system_nrf52.c.o
 .rodata._ctype_
                0x000000000000c2a9      0x101 /Users/dusk/nRF52/gcc-arm-none-eabi-9-2020-q2-update/bin/../lib/gcc/arm-none-eabi/10.3.1/../../../../arm-none-eabi/lib/thumb/v7e-m+fp/hard/libc_nano.a(lib_a-ctype_.o)
                0x000000000000c2a9                _ctype_
 *fill*         0x000000000000c3aa        0x2 
 .rodata._global_impure_ptr
                0x000000000000c3ac        0x4 /Users/dusk/nRF52/gcc-arm-none-eabi-9-2020-q2-update/bin/../lib/gcc/arm-none-eabi/10.3.1/../../../../arm-none-eabi/lib/thumb/v7e-m+fp/hard/libc_nano.a(lib_a-impure.o)
                0x000000000000c3ac                _global_impure_ptr
 *(.eh_frame*)
 .eh_frame      0x000000000000c3b0        0x0 /Users/dusk/nRF52/gcc-arm-none-eabi-9-2020-q2-update/bin/../lib/gcc/arm-none-eabi/10.3.1/thumb/v7e-m+fp/hard/crtbegin.o
 .eh_frame      0x000000000000c3b0        0x4 /Users/dusk/nRF52/gcc-arm-none-eabi-9-2020-q2-update/bin/../lib/gcc/arm-none-eabi/10.3.1/thumb/v7e-m+fp/hard/crtend.o

.glue_7         0x000000000000c3b4        0x0
 .glue_7        0x000000000000c3b4        0x0 linker stubs

.glue_7t        0x000000000000c3b4        0x0
 .glue_7t       0x000000000000c3b4        0x0 linker stubs

.vfp11_veneer   0x000000000000c3b4        0x0
 .vfp11_veneer  0x000000000000c3b4        0x0 linker stubs

.v4_bx          0x000000000000c3b4        0x0
 .v4_bx         0x000000000000c3b4        0x0 linker stubs

.iplt           0x000000000000c3b4        0x0
 .iplt          0x000000000000c3b4        0x0 /Users/dusk/nRF52/gcc-arm-none-eabi-9-2020-q2-update/bin/../lib/gcc/arm-none-eabi/10.3.1/thumb/v7e-m+fp/hard/crtbegin.o

.mem_section_dummy_rom

.cli_command    0x000000000000c3b4       0x50
                0x000000000000c3b4                PROVIDE (__start_cli_command = .)
 *(.cli_command)
 .cli_command   0x000000000000c3b4        0x8 _build/nrf52832_xxaa/nrf_log_frontend.c.o
                0x000000000000c3b4                nrf_cli_log_const
 .cli_command   0x000000000000c3bc        0x8 _build/nrf52832_xxaa/nrf_balloc.c.o
                0x000000000000c3bc                nrf_cli_balloc_const
 .cli_command   0x000000000000c3c4       0x20 _build/nrf52832_xxaa/nrf_cli.c.o
                0x000000000000c3c4                nrf_cli_resize_const
                0x000000000000c3cc                nrf_cli_history_const
                0x000000000000c3d4                nrf_cli_cli_const
                0x000000000000c3dc                nrf_cli_clear_const
 .cli_command   0x000000000000c3e4        0x8 _build/nrf52832_xxaa/nrf_queue.c.o
                0x000000000000c3e4                nrf_cli_queue_const
 .cli_command   0x000000000000c3ec       0x18 _build/nrf52832_xxaa/main.c.o
                0x000000000000c3ec                nrf_cli_gostatemachinego_const
                0x000000000000c3f4                nrf_cli_mute_const
                0x000000000000c3fc                nrf_cli_hand_const
                0x000000000000c404                PROVIDE (__stop_cli_command = .)

.pwr_mgmt_data  0x000000000000c404        0x0
                0x000000000000c404                PROVIDE (__start_pwr_mgmt_data = .)
 *(SORT_BY_NAME(.pwr_mgmt_data*))
                0x000000000000c404                PROVIDE (__stop_pwr_mgmt_data = .)

.nrf_queue      0x000000000000c404       0x54
                0x000000000000c404                PROVIDE (__start_nrf_queue = .)
 *(.nrf_queue)
 .nrf_queue     0x000000000000c404       0x1c _build/nrf52832_xxaa/nrf_cli_libuarte.c.o
                0x000000000000c404                libuarte_rxdata_queue
 .nrf_queue     0x000000000000c420       0x38 _build/nrf52832_xxaa/main.c.o
                0x000000000000c420                m_cli_rtt_log_backend_queue
                0x000000000000c43c                m_cli_libuarte_log_backend_queue
                0x000000000000c458                PROVIDE (__stop_nrf_queue = .)

.log_const_data
                0x000000000000c458       0xe8
                0x000000000000c458                PROVIDE (__start_log_const_data = .)
 *(SORT_BY_NAME(.log_const_data*))
 .log_const_data_CLOCK
                0x000000000000c458        0x8 _build/nrf52832_xxaa/nrfx_clock.c.o
                0x000000000000c458                m_nrf_log_CLOCK_logs_data_const
 .log_const_data_GPIOTE
                0x000000000000c460        0x8 _build/nrf52832_xxaa/nrfx_gpiote.c.o
                0x000000000000c460                m_nrf_log_GPIOTE_logs_data_const
 .log_const_data_PPI
                0x000000000000c468        0x8 _build/nrf52832_xxaa/nrfx_ppi.c.o
                0x000000000000c468                m_nrf_log_PPI_logs_data_const
 .log_const_data_RTC
                0x000000000000c470        0x8 _build/nrf52832_xxaa/nrfx_rtc.c.o
                0x000000000000c470                m_nrf_log_RTC_logs_data_const
 .log_const_data_TIMER
                0x000000000000c478        0x8 _build/nrf52832_xxaa/nrfx_timer.c.o
                0x000000000000c478                m_nrf_log_TIMER_logs_data_const
 .log_const_data_app
                0x000000000000c480        0x8 _build/nrf52832_xxaa/nrf_log_frontend.c.o
                0x000000000000c480                m_nrf_log_app_logs_data_const
 .log_const_data_app_button
                0x000000000000c488        0x8 _build/nrf52832_xxaa/app_button.c.o
                0x000000000000c488                m_nrf_log_app_button_logs_data_const
 .log_const_data_app_timer
                0x000000000000c490        0x8 _build/nrf52832_xxaa/app_timer2.c.o
                0x000000000000c490                m_nrf_log_app_timer_logs_data_const
 .log_const_data_app_timer_m_bsp_alert_tmr
                0x000000000000c498        0x8 _build/nrf52832_xxaa/bsp.c.o
                0x000000000000c498                m_nrf_log_app_timer_m_bsp_alert_tmr_logs_data_const
 .log_const_data_app_timer_m_bsp_button_tmr
                0x000000000000c4a0        0x8 _build/nrf52832_xxaa/bsp.c.o
                0x000000000000c4a0                m_nrf_log_app_timer_m_bsp_button_tmr_logs_data_const
 .log_const_data_app_timer_m_bsp_leds_tmr
                0x000000000000c4a8        0x8 _build/nrf52832_xxaa/bsp.c.o
                0x000000000000c4a8                m_nrf_log_app_timer_m_bsp_leds_tmr_logs_data_const
 .log_const_data_app_timer_m_cli_rtt_transport_timer
                0x000000000000c4b0        0x8 _build/nrf52832_xxaa/main.c.o
                0x000000000000c4b0                m_nrf_log_app_timer_m_cli_rtt_transport_timer_logs_data_const
 .log_const_data_app_timer_m_detection_delay_timer_id
                0x000000000000c4b8        0x8 _build/nrf52832_xxaa/app_button.c.o
                0x000000000000c4b8                m_nrf_log_app_timer_m_detection_delay_timer_id_logs_data_const
 .log_const_data_app_timer_m_timer_0
                0x000000000000c4c0        0x8 _build/nrf52832_xxaa/main.c.o
                0x000000000000c4c0                m_nrf_log_app_timer_m_timer_0_logs_data_const
 .log_const_data_atfifo_m_req_fifo
                0x000000000000c4c8        0x8 _build/nrf52832_xxaa/app_timer2.c.o
                0x000000000000c4c8                m_nrf_log_atfifo_m_req_fifo_logs_data_const
 .log_const_data_balloc_libuarte_rx_pool
                0x000000000000c4d0        0x8 _build/nrf52832_xxaa/nrf_cli_libuarte.c.o
                0x000000000000c4d0                m_nrf_log_balloc_libuarte_rx_pool_logs_data_const
 .log_const_data_balloc_log_mempool
                0x000000000000c4d8        0x8 _build/nrf52832_xxaa/nrf_log_frontend.c.o
                0x000000000000c4d8                m_nrf_log_balloc_log_mempool_logs_data_const
 .log_const_data_balloc_m_cli_libuarte_cmd_hist_memobj
                0x000000000000c4e0        0x8 _build/nrf52832_xxaa/main.c.o
                0x000000000000c4e0                m_nrf_log_balloc_m_cli_libuarte_cmd_hist_memobj_logs_data_const
 .log_const_data_balloc_m_cli_rtt_cmd_hist_memobj
                0x000000000000c4e8        0x8 _build/nrf52832_xxaa/main.c.o
                0x000000000000c4e8                m_nrf_log_balloc_m_cli_rtt_cmd_hist_memobj_logs_data_const
 .log_const_data_cli_libuarte
                0x000000000000c4f0        0x8 _build/nrf52832_xxaa/nrf_cli_libuarte.c.o
                0x000000000000c4f0                m_nrf_log_cli_libuarte_logs_data_const
 .log_const_data_clock
                0x000000000000c4f8        0x8 _build/nrf52832_xxaa/nrf_drv_clock.c.o
                0x000000000000c4f8                m_nrf_log_clock_logs_data_const
 .log_const_data_hardfault
                0x000000000000c500        0x8 _build/nrf52832_xxaa/hardfault_implementation.c.o
                0x000000000000c500                m_nrf_log_hardfault_logs_data_const
 .log_const_data_libUARTE
                0x000000000000c508        0x8 _build/nrf52832_xxaa/nrf_libuarte_drv.c.o
                0x000000000000c508                m_nrf_log_libUARTE_logs_data_const
 .log_const_data_libUARTE_async
                0x000000000000c510        0x8 _build/nrf52832_xxaa/nrf_libuarte_async.c.o
                0x000000000000c510                m_nrf_log_libUARTE_async_logs_data_const
 .log_const_data_pwr_mgmt
                0x000000000000c518        0x8 _build/nrf52832_xxaa/nrf_pwr_mgmt.c.o
                0x000000000000c518                m_nrf_log_pwr_mgmt_logs_data_const
 .log_const_data_queue_libuarte_rxdata_queue
                0x000000000000c520        0x8 _build/nrf52832_xxaa/nrf_cli_libuarte.c.o
                0x000000000000c520                m_nrf_log_queue_libuarte_rxdata_queue_logs_data_const
 .log_const_data_queue_m_cli_libuarte_log_backend_queue
                0x000000000000c528        0x8 _build/nrf52832_xxaa/main.c.o
                0x000000000000c528                m_nrf_log_queue_m_cli_libuarte_log_backend_queue_logs_data_const
 .log_const_data_queue_m_cli_rtt_log_backend_queue
                0x000000000000c530        0x8 _build/nrf52832_xxaa/main.c.o
                0x000000000000c530                m_nrf_log_queue_m_cli_rtt_log_backend_queue_logs_data_const
 .log_const_data_sortlist
                0x000000000000c538        0x8 _build/nrf52832_xxaa/nrf_sortlist.c.o
                0x000000000000c538                m_nrf_log_sortlist_logs_data_const
                0x000000000000c540                PROVIDE (__stop_log_const_data = .)

.log_backends   0x000000000000c540       0x30
                0x000000000000c540                PROVIDE (__start_log_backends = .)
 *(SORT_BY_NAME(.log_backends*))
 .log_backends  0x000000000000c540       0x10 _build/nrf52832_xxaa/nrf_log_default_backends.c.o
 .log_backends  0x000000000000c550       0x20 _build/nrf52832_xxaa/main.c.o
                0x000000000000c570                PROVIDE (__stop_log_backends = .)

.nrf_balloc     0x000000000000c570       0x70
                0x000000000000c570                PROVIDE (__start_nrf_balloc = .)
 *(.nrf_balloc)
 .nrf_balloc    0x000000000000c570       0x1c _build/nrf52832_xxaa/nrf_log_frontend.c.o
                0x000000000000c570                log_mempool
 .nrf_balloc    0x000000000000c58c       0x1c _build/nrf52832_xxaa/nrf_cli_libuarte.c.o
                0x000000000000c58c                libuarte_rx_pool
 .nrf_balloc    0x000000000000c5a8       0x38 _build/nrf52832_xxaa/main.c.o
                0x000000000000c5a8                m_cli_rtt_cmd_hist_memobj
                0x000000000000c5c4                m_cli_libuarte_cmd_hist_memobj
                0x000000000000c5e0                PROVIDE (__stop_nrf_balloc = .)

.ARM.extab
 *(.ARM.extab* .gnu.linkonce.armextab.*)
                0x000000000000c5e0                __exidx_start = .

.ARM.exidx      0x000000000000c5e0        0x8
 *(.ARM.exidx* .gnu.linkonce.armexidx.*)
 .ARM.exidx     0x000000000000c5e0        0x8 /Users/dusk/nRF52/gcc-arm-none-eabi-9-2020-q2-update/bin/../lib/gcc/arm-none-eabi/10.3.1/../../../../arm-none-eabi/lib/thumb/v7e-m+fp/hard/crt0.o
                                         0x10 (size before relaxing)
 .ARM.exidx     0x000000000000c5e8        0x0 /Users/dusk/nRF52/gcc-arm-none-eabi-9-2020-q2-update/bin/../lib/gcc/arm-none-eabi/10.3.1/thumb/v7e-m+fp/hard/libgcc.a(_udivmoddi4.o)
                                          0x8 (size before relaxing)
                0x000000000000c5e8                __exidx_end = .

.rel.dyn        0x000000000000c5e8        0x0
 .rel.iplt      0x000000000000c5e8        0x0 /Users/dusk/nRF52/gcc-arm-none-eabi-9-2020-q2-update/bin/../lib/gcc/arm-none-eabi/10.3.1/thumb/v7e-m+fp/hard/crtbegin.o
                0x000000000000c5e8                . = ALIGN (0x4)
                0x000000000000c5e8                __etext = .

.data           0x0000000020000000      0x1ac load address 0x000000000000c5e8
                0x0000000020000000                __data_start__ = .
 *(vtable)
 *(.data*)
 .data.log_backend_cb_rtt_log_backend
                0x0000000020000000        0x8 _build/nrf52832_xxaa/nrf_log_default_backends.c.o
 .data.m_detection_delay_timer_id_data
                0x0000000020000008       0x20 _build/nrf52832_xxaa/app_button.c.o
 .data.m_req_fifo_inst
                0x0000000020000028       0x14 _build/nrf52832_xxaa/app_timer2.c.o
 .data.m_rtc_inst
                0x000000002000003c        0x8 _build/nrf52832_xxaa/app_timer2.c.o
 *fill*         0x0000000020000044        0x4 
 .data.m_bsp_alert_tmr_data
                0x0000000020000048       0x20 _build/nrf52832_xxaa/bsp.c.o
 .data.m_bsp_button_tmr_data
                0x0000000020000068       0x20 _build/nrf52832_xxaa/bsp.c.o
 .data.m_bsp_leds_tmr_data
                0x0000000020000088       0x20 _build/nrf52832_xxaa/bsp.c.o
 .data.cli_log_backendm_cli_libuarte_log_backend
                0x00000000200000a8        0xc _build/nrf52832_xxaa/main.c.o
 .data.cli_log_backendm_cli_rtt_log_backend
                0x00000000200000b4        0xc _build/nrf52832_xxaa/main.c.o
 .data.log_backend_cb_m_cli_libuarte_log_backend
                0x00000000200000c0        0x8 _build/nrf52832_xxaa/main.c.o
 .data.log_backend_cb_m_cli_rtt_log_backend
                0x00000000200000c8        0x8 _build/nrf52832_xxaa/main.c.o
 .data.m_cli_libuarte_fprintf_ctx
                0x00000000200000d0       0x18 _build/nrf52832_xxaa/main.c.o
 .data.m_cli_rtt_fprintf_ctx
                0x00000000200000e8       0x18 _build/nrf52832_xxaa/main.c.o
 .data.m_cli_rtt_transport_timer_data
                0x0000000020000100       0x20 _build/nrf52832_xxaa/main.c.o
 .data.m_timer_0_data
                0x0000000020000120       0x20 _build/nrf52832_xxaa/main.c.o
 .data.SystemCoreClock
                0x0000000020000140        0x4 _build/nrf52832_xxaa/system_nrf52.c.o
                0x0000000020000140                SystemCoreClock
 .data.impure_data
                0x0000000020000144       0x60 /Users/dusk/nRF52/gcc-arm-none-eabi-9-2020-q2-update/bin/../lib/gcc/arm-none-eabi/10.3.1/../../../../arm-none-eabi/lib/thumb/v7e-m+fp/hard/libc_nano.a(lib_a-impure.o)
                0x00000000200001a4                . = ALIGN (0x4)
                0x00000000200001a4                PROVIDE (__preinit_array_start = .)
 *(.preinit_array)
                0x00000000200001a4                PROVIDE (__preinit_array_end = .)
                0x00000000200001a4                . = ALIGN (0x4)
                0x00000000200001a4                PROVIDE (__init_array_start = .)
 *(SORT_BY_NAME(.init_array.*))
 *(.init_array)
 .init_array    0x00000000200001a4        0x4 /Users/dusk/nRF52/gcc-arm-none-eabi-9-2020-q2-update/bin/../lib/gcc/arm-none-eabi/10.3.1/thumb/v7e-m+fp/hard/crtbegin.o
                0x00000000200001a8                PROVIDE (__init_array_end = .)
                0x00000000200001a8                . = ALIGN (0x4)
                [!provide]                        PROVIDE (__fini_array_start = .)
 *(SORT_BY_NAME(.fini_array.*))
 *(.fini_array)
 .fini_array    0x00000000200001a8        0x4 /Users/dusk/nRF52/gcc-arm-none-eabi-9-2020-q2-update/bin/../lib/gcc/arm-none-eabi/10.3.1/thumb/v7e-m+fp/hard/crtbegin.o
                [!provide]                        PROVIDE (__fini_array_end = .)
 *(.jcr*)
                0x00000000200001ac                . = ALIGN (0x4)
                0x00000000200001ac                __data_end__ = .
LOAD /Users/dusk/nRF52/gcc-arm-none-eabi-9-2020-q2-update/bin/../lib/gcc/arm-none-eabi/10.3.1/thumb/v7e-m+fp/hard/crti.o
LOAD /Users/dusk/nRF52/gcc-arm-none-eabi-9-2020-q2-update/bin/../lib/gcc/arm-none-eabi/10.3.1/thumb/v7e-m+fp/hard/crtbegin.o
LOAD /Users/dusk/nRF52/gcc-arm-none-eabi-9-2020-q2-update/bin/../lib/gcc/arm-none-eabi/10.3.1/../../../../arm-none-eabi/lib/thumb/v7e-m+fp/hard/crt0.o
LOAD _build/nrf52832_xxaa/gcc_startup_nrf52.S.o
LOAD _build/nrf52832_xxaa/nrf_log_backend_rtt.c.o
LOAD _build/nrf52832_xxaa/nrf_log_backend_serial.c.o
LOAD _build/nrf52832_xxaa/nrf_log_default_backends.c.o
LOAD _build/nrf52832_xxaa/nrf_log_frontend.c.o
LOAD _build/nrf52832_xxaa/nrf_log_str_formatter.c.o
LOAD _build/nrf52832_xxaa/boards.c.o
LOAD _build/nrf52832_xxaa/app_button.c.o
LOAD _build/nrf52832_xxaa/app_error.c.o
LOAD _build/nrf52832_xxaa/app_error_handler_gcc.c.o
LOAD _build/nrf52832_xxaa/app_error_weak.c.o
LOAD _build/nrf52832_xxaa/app_scheduler.c.o
LOAD _build/nrf52832_xxaa/app_timer2.c.o
LOAD _build/nrf52832_xxaa/app_util_platform.c.o
LOAD _build/nrf52832_xxaa/drv_rtc.c.o
LOAD _build/nrf52832_xxaa/fnmatch.c.o
LOAD _build/nrf52832_xxaa/hardfault_handler_gcc.c.o
LOAD _build/nrf52832_xxaa/hardfault_implementation.c.o
LOAD _build/nrf52832_xxaa/nrf_assert.c.o
LOAD _build/nrf52832_xxaa/nrf_atfifo.c.o
LOAD _build/nrf52832_xxaa/nrf_atomic.c.o
LOAD _build/nrf52832_xxaa/nrf_balloc.c.o
LOAD _build/nrf52832_xxaa/nrf_cli.c.o
LOAD _build/nrf52832_xxaa/nrf_cli_libuarte.c.o
LOAD _build/nrf52832_xxaa/nrf_cli_rtt.c.o
LOAD _build/nrf52832_xxaa/nrf_fprintf.c.o
LOAD _build/nrf52832_xxaa/nrf_fprintf_format.c.o
LOAD _build/nrf52832_xxaa/nrf_libuarte_async.c.o
LOAD _build/nrf52832_xxaa/nrf_libuarte_drv.c.o
LOAD _build/nrf52832_xxaa/nrf_memobj.c.o
LOAD _build/nrf52832_xxaa/nrf_pwr_mgmt.c.o
LOAD _build/nrf52832_xxaa/nrf_queue.c.o
LOAD _build/nrf52832_xxaa/nrf_ringbuf.c.o
LOAD _build/nrf52832_xxaa/nrf_section_iter.c.o
LOAD _build/nrf52832_xxaa/nrf_sortlist.c.o
LOAD _build/nrf52832_xxaa/nrf_strerror.c.o
LOAD _build/nrf52832_xxaa/nrf_drv_clock.c.o
LOAD _build/nrf52832_xxaa/nrf_nvic.c.o
LOAD _build/nrf52832_xxaa/nrf_soc.c.o
LOAD _build/nrf52832_xxaa/nrfx_atomic.c.o
LOAD _build/nrf52832_xxaa/nrfx_clock.c.o
LOAD _build/nrf52832_xxaa/nrfx_gpiote.c.o
LOAD _build/nrf52832_xxaa/nrfx_ppi.c.o
LOAD _build/nrf52832_xxaa/nrfx_rtc.c.o
LOAD _build/nrf52832_xxaa/nrfx_timer.c.o
LOAD _build/nrf52832_xxaa/bsp.c.o
LOAD _build/nrf52832_xxaa/main.c.o
LOAD _build/nrf52832_xxaa/SEGGER_RTT.c.o
LOAD _build/nrf52832_xxaa/SEGGER_RTT_Syscalls_GCC.c.o
LOAD _build/nrf52832_xxaa/SEGGER_RTT_printf.c.o
LOAD _build/nrf52832_xxaa/system_nrf52.c.o
LOAD /Users/dusk/nRF52/gcc-arm-none-eabi-9-2020-q2-update/bin/../lib/gcc/arm-none-eabi/10.3.1/../../../../arm-none-eabi/lib/thumb/v7e-m+fp/hard/libc_nano.a
LOAD /Users/dusk/nRF52/gcc-arm-none-eabi-9-2020-q2-update/bin/../lib/gcc/arm-none-eabi/10.3.1/../../../../arm-none-eabi/lib/thumb/v7e-m+fp/hard/libnosys.a
LOAD /Users/dusk/nRF52/gcc-arm-none-eabi-9-2020-q2-update/bin/../lib/gcc/arm-none-eabi/10.3.1/../../../../arm-none-eabi/lib/thumb/v7e-m+fp/hard/libm.a
START GROUP
LOAD /Users/dusk/nRF52/gcc-arm-none-eabi-9-2020-q2-update/bin/../lib/gcc/arm-none-eabi/10.3.1/thumb/v7e-m+fp/hard/libgcc.a
LOAD /Users/dusk/nRF52/gcc-arm-none-eabi-9-2020-q2-update/bin/../lib/gcc/arm-none-eabi/10.3.1/../../../../arm-none-eabi/lib/thumb/v7e-m+fp/hard/libg_nano.a
LOAD /Users/dusk/nRF52/gcc-arm-none-eabi-9-2020-q2-update/bin/../lib/gcc/arm-none-eabi/10.3.1/../../../../arm-none-eabi/lib/thumb/v7e-m+fp/hard/libc_nano.a
END GROUP
START GROUP
LOAD /Users/dusk/nRF52/gcc-arm-none-eabi-9-2020-q2-update/bin/../lib/gcc/arm-none-eabi/10.3.1/thumb/v7e-m+fp/hard/libgcc.a
LOAD /Users/dusk/nRF52/gcc-arm-none-eabi-9-2020-q2-update/bin/../lib/gcc/arm-none-eabi/10.3.1/../../../../arm-none-eabi/lib/thumb/v7e-m+fp/hard/libc_nano.a
END GROUP
LOAD /Users/dusk/nRF52/gcc-arm-none-eabi-9-2020-q2-update/bin/../lib/gcc/arm-none-eabi/10.3.1/thumb/v7e-m+fp/hard/crtend.o
LOAD /Users/dusk/nRF52/gcc-arm-none-eabi-9-2020-q2-update/bin/../lib/gcc/arm-none-eabi/10.3.1/thumb/v7e-m+fp/hard/crtn.o
START GROUP
LOAD /Users/dusk/nRF52/gcc-arm-none-eabi-9-2020-q2-update/bin/../lib/gcc/arm-none-eabi/10.3.1/thumb/v7e-m+fp/hard/libgcc.a
LOAD /Users/dusk/nRF52/gcc-arm-none-eabi-9-2020-q2-update/bin/../lib/gcc/arm-none-eabi/10.3.1/../../../../arm-none-eabi/lib/thumb/v7e-m+fp/hard/libc.a
LOAD /Users/dusk/nRF52/gcc-arm-none-eabi-9-2020-q2-update/bin/../lib/gcc/arm-none-eabi/10.3.1/../../../../arm-none-eabi/lib/thumb/v7e-m+fp/hard/libnosys.a
END GROUP

.igot.plt       0x00000000200001ac        0x0 load address 0x000000000000c794
 .igot.plt      0x00000000200001ac        0x0 /Users/dusk/nRF52/gcc-arm-none-eabi-9-2020-q2-update/bin/../lib/gcc/arm-none-eabi/10.3.1/thumb/v7e-m+fp/hard/crtbegin.o
                0x00000000200001ac                . = ALIGN (0x4)

.mem_section_dummy_ram

.cli_sorted_cmd_ptrs
                0x00000000200001ac       0x28 load address 0x000000000000c794
                0x00000000200001ac                PROVIDE (__start_cli_sorted_cmd_ptrs = .)
 *(.cli_sorted_cmd_ptrs)
 .cli_sorted_cmd_ptrs
                0x00000000200001ac        0x4 _build/nrf52832_xxaa/nrf_log_frontend.c.o
                0x00000000200001ac                log_str_ptr
 .cli_sorted_cmd_ptrs
                0x00000000200001b0        0x4 _build/nrf52832_xxaa/nrf_balloc.c.o
                0x00000000200001b0                balloc_str_ptr
 .cli_sorted_cmd_ptrs
                0x00000000200001b4       0x10 _build/nrf52832_xxaa/nrf_cli.c.o
                0x00000000200001b4                resize_str_ptr
                0x00000000200001b8                history_str_ptr
                0x00000000200001bc                cli_str_ptr
                0x00000000200001c0                clear_str_ptr
 .cli_sorted_cmd_ptrs
                0x00000000200001c4        0x4 _build/nrf52832_xxaa/nrf_queue.c.o
                0x00000000200001c4                queue_str_ptr
 .cli_sorted_cmd_ptrs
                0x00000000200001c8        0xc _build/nrf52832_xxaa/main.c.o
                0x00000000200001c8                gostatemachinego_str_ptr
                0x00000000200001cc                mute_str_ptr
                0x00000000200001d0                hand_str_ptr
                [!provide]                        PROVIDE (__stop_cli_sorted_cmd_ptrs = .)

.log_dynamic_data
                0x00000000200001d4       0x74 load address 0x000000000000c7bc
                0x00000000200001d4                PROVIDE (__start_log_dynamic_data = .)
 *(SORT_BY_NAME(.log_dynamic_data*))
 .log_dynamic_data_CLOCK
                0x00000000200001d4        0x4 _build/nrf52832_xxaa/nrfx_clock.c.o
                0x00000000200001d4                m_nrf_log_CLOCK_logs_data_dynamic
 .log_dynamic_data_GPIOTE
                0x00000000200001d8        0x4 _build/nrf52832_xxaa/nrfx_gpiote.c.o
                0x00000000200001d8                m_nrf_log_GPIOTE_logs_data_dynamic
 .log_dynamic_data_PPI
                0x00000000200001dc        0x4 _build/nrf52832_xxaa/nrfx_ppi.c.o
                0x00000000200001dc                m_nrf_log_PPI_logs_data_dynamic
 .log_dynamic_data_RTC
                0x00000000200001e0        0x4 _build/nrf52832_xxaa/nrfx_rtc.c.o
                0x00000000200001e0                m_nrf_log_RTC_logs_data_dynamic
 .log_dynamic_data_TIMER
                0x00000000200001e4        0x4 _build/nrf52832_xxaa/nrfx_timer.c.o
                0x00000000200001e4                m_nrf_log_TIMER_logs_data_dynamic
 .log_dynamic_data_app
                0x00000000200001e8        0x4 _build/nrf52832_xxaa/nrf_log_frontend.c.o
                0x00000000200001e8                m_nrf_log_app_logs_data_dynamic
 .log_dynamic_data_app_button
                0x00000000200001ec        0x4 _build/nrf52832_xxaa/app_button.c.o
                0x00000000200001ec                m_nrf_log_app_button_logs_data_dynamic
 .log_dynamic_data_app_timer
                0x00000000200001f0        0x4 _build/nrf52832_xxaa/app_timer2.c.o
                0x00000000200001f0                m_nrf_log_app_timer_logs_data_dynamic
 .log_dynamic_data_app_timer_m_bsp_alert_tmr
                0x00000000200001f4        0x4 _build/nrf52832_xxaa/bsp.c.o
                0x00000000200001f4                m_nrf_log_app_timer_m_bsp_alert_tmr_logs_data_dynamic
 .log_dynamic_data_app_timer_m_bsp_button_tmr
                0x00000000200001f8        0x4 _build/nrf52832_xxaa/bsp.c.o
                0x00000000200001f8                m_nrf_log_app_timer_m_bsp_button_tmr_logs_data_dynamic
 .log_dynamic_data_app_timer_m_bsp_leds_tmr
                0x00000000200001fc        0x4 _build/nrf52832_xxaa/bsp.c.o
                0x00000000200001fc                m_nrf_log_app_timer_m_bsp_leds_tmr_logs_data_dynamic
 .log_dynamic_data_app_timer_m_cli_rtt_transport_timer
                0x0000000020000200        0x4 _build/nrf52832_xxaa/main.c.o
                0x0000000020000200                m_nrf_log_app_timer_m_cli_rtt_transport_timer_logs_data_dynamic
 .log_dynamic_data_app_timer_m_detection_delay_timer_id
                0x0000000020000204        0x4 _build/nrf52832_xxaa/app_button.c.o
                0x0000000020000204                m_nrf_log_app_timer_m_detection_delay_timer_id_logs_data_dynamic
 .log_dynamic_data_app_timer_m_timer_0
                0x0000000020000208        0x4 _build/nrf52832_xxaa/main.c.o
                0x0000000020000208                m_nrf_log_app_timer_m_timer_0_logs_data_dynamic
 .log_dynamic_data_atfifo_m_req_fifo
                0x000000002000020c        0x4 _build/nrf52832_xxaa/app_timer2.c.o
                0x000000002000020c                m_nrf_log_atfifo_m_req_fifo_logs_data_dynamic
 .log_dynamic_data_balloc_libuarte_rx_pool
                0x0000000020000210        0x4 _build/nrf52832_xxaa/nrf_cli_libuarte.c.o
                0x0000000020000210                m_nrf_log_balloc_libuarte_rx_pool_logs_data_dynamic
 .log_dynamic_data_balloc_log_mempool
                0x0000000020000214        0x4 _build/nrf52832_xxaa/nrf_log_frontend.c.o
                0x0000000020000214                m_nrf_log_balloc_log_mempool_logs_data_dynamic
 .log_dynamic_data_balloc_m_cli_libuarte_cmd_hist_memobj
                0x0000000020000218        0x4 _build/nrf52832_xxaa/main.c.o
                0x0000000020000218                m_nrf_log_balloc_m_cli_libuarte_cmd_hist_memobj_logs_data_dynamic
 .log_dynamic_data_balloc_m_cli_rtt_cmd_hist_memobj
                0x000000002000021c        0x4 _build/nrf52832_xxaa/main.c.o
                0x000000002000021c                m_nrf_log_balloc_m_cli_rtt_cmd_hist_memobj_logs_data_dynamic
 .log_dynamic_data_cli_libuarte
                0x0000000020000220        0x4 _build/nrf52832_xxaa/nrf_cli_libuarte.c.o